
****** Vivado v2025.1 (64-bit)
  **** SW Build 6140274 on Wed May 21 22:58:25 MDT 2025
  **** IP Build 6138677 on Thu May 22 03:10:11 MDT 2025
  **** SharedData Build 6139179 on Tue May 20 17:58:58 MDT 2025
  **** Start of session at: Mon Feb 16 15:49:42 2026
    ** Copyright 1986-2022 Xilinx, Inc. All Rights Reserved.
    ** Copyright 2022-2025 Advanced Micro Devices, Inc. All Rights Reserved.

source run_complete_build.tcl
# puts "========================================="
=========================================
# puts "COMPLETE BUILD FLOW"
COMPLETE BUILD FLOW
# puts "========================================="
=========================================
# open_project vivado_gui/oscilloscope_test.xpr
Scanning sources...
Finished scanning sources
WARNING: [Board 49-26] cannot add Board Part xilinx.com:zcu208ld:part0:2.0 available at /tools/Xilinx/2025.1/data/xhub/boards/XilinxBoardStore/boards/Xilinx/zcu208ld/production/2.0/board.xml as part xczu58dr-fsvg1517-2-i specified in board_part file is either invalid or not available
WARNING: [Board 49-26] cannot add Board Part xilinx.com:zcu216ld:part0:2.0 available at /tools/Xilinx/2025.1/data/xhub/boards/XilinxBoardStore/boards/Xilinx/zcu216ld/production/2.0/board.xml as part xczu59dr-ffvf1760-2-i specified in board_part file is either invalid or not available
WARNING: [Board 49-26] cannot add Board Part xilinx.com:zcu670ld:part0:1.0 available at /tools/Xilinx/2025.1/data/xhub/boards/XilinxBoardStore/boards/Xilinx/zcu670ld/1.0/board.xml as part xczu57dr-fsve1156-2-i specified in board_part file is either invalid or not available
WARNING: [Project 1-5713] Board part '' set for the project  is not found. BoardPart property will be unset. Please select board from latest repo build 
INFO: [IP_Flow 19-234] Refreshing IP repositories
INFO: [IP_Flow 19-1700] Loaded user IP repository '/home/testpc/fpga_asist_dev/validation_test/ax7010_fpga/18_ad9238_hdmi/auto_create_project/my_ip'.
INFO: [IP_Flow 19-2313] Loaded Vivado IP repository '/tools/Xilinx/2025.1/Vivado/data/ip'.
# reset_run synth_1
INFO: [Project 1-1161] Replacing file /home/testpc/fpga_asist_dev/validation_test/si5351_ad9238_hdmi_project/fpga/vivado_gui/oscilloscope_test.srcs/utils_1/imports/synth_1/si5351_ad9238_hdmi_top_test.dcp with file /home/testpc/fpga_asist_dev/validation_test/si5351_ad9238_hdmi_project/fpga/vivado_gui/oscilloscope_test.runs/synth_1/si5351_ad9238_hdmi_top_test.dcp
# reset_run impl_1
# update_compile_order -fileset sources_1
# puts "\n========================================="

=========================================
# puts "STEP 1: SYNTHESIS"
STEP 1: SYNTHESIS
# puts "========================================="
=========================================
# launch_runs synth_1
INFO: [Vivado 12-4149] The synthesis checkpoint for IP '/home/testpc/fpga_asist_dev/validation_test/si5351_ad9238_hdmi_project/fpga/vivado_gui/oscilloscope_test.srcs/sources_1/ip/clk_wiz_0/clk_wiz_0.xci' is already up-to-date
[Mon Feb 16 15:49:45 2026] Launched synth_1...
Run output will be captured here: /home/testpc/fpga_asist_dev/validation_test/si5351_ad9238_hdmi_project/fpga/vivado_gui/oscilloscope_test.runs/synth_1/runme.log
# wait_on_run synth_1
[Mon Feb 16 15:49:45 2026] Waiting for synth_1 to finish...

*** Running vivado
    with args -log si5351_ad9238_hdmi_top_test.vds -m64 -product Vivado -mode batch -messageDb vivado.pb -notrace -source si5351_ad9238_hdmi_top_test.tcl


****** Vivado v2025.1 (64-bit)
  **** SW Build 6140274 on Wed May 21 22:58:25 MDT 2025
  **** IP Build 6138677 on Thu May 22 03:10:11 MDT 2025
  **** SharedData Build 6139179 on Tue May 20 17:58:58 MDT 2025
  **** Start of session at: Mon Feb 16 15:49:46 2026
    ** Copyright 1986-2022 Xilinx, Inc. All Rights Reserved.
    ** Copyright 2022-2025 Advanced Micro Devices, Inc. All Rights Reserved.

source si5351_ad9238_hdmi_top_test.tcl -notrace
INFO: [IP_Flow 19-234] Refreshing IP repositories
INFO: [IP_Flow 19-1700] Loaded user IP repository '/home/testpc/fpga_asist_dev/validation_test/ax7010_fpga/18_ad9238_hdmi/auto_create_project/my_ip'.
INFO: [IP_Flow 19-2313] Loaded Vivado IP repository '/tools/Xilinx/2025.1/Vivado/data/ip'.
Command: read_checkpoint -auto_incremental -incremental /home/testpc/fpga_asist_dev/validation_test/si5351_ad9238_hdmi_project/fpga/vivado_gui/oscilloscope_test.srcs/utils_1/imports/synth_1/si5351_ad9238_hdmi_top_test.dcp
INFO: [Vivado 12-5825] Read reference checkpoint from /home/testpc/fpga_asist_dev/validation_test/si5351_ad9238_hdmi_project/fpga/vivado_gui/oscilloscope_test.srcs/utils_1/imports/synth_1/si5351_ad9238_hdmi_top_test.dcp for incremental synthesis
INFO: [Vivado 12-7989] Please ensure there are no constraint changes
Command: synth_design -top si5351_ad9238_hdmi_top_test -part xc7z010clg400-1
Starting synth_design
Attempting to get a license for feature 'Synthesis' and/or device 'xc7z010'
INFO: [Common 17-349] Got license for feature 'Synthesis' and/or device 'xc7z010'
INFO: [Device 21-403] Loading part xc7z010clg400-1
