
****** Vivado v2025.1 (64-bit)
  **** SW Build 6140274 on Wed May 21 22:58:25 MDT 2025
  **** IP Build 6138677 on Thu May 22 03:10:11 MDT 2025
  **** SharedData Build 6139179 on Tue May 20 17:58:58 MDT 2025
  **** Start of session at: Mon Feb 16 15:50:54 2026
    ** Copyright 1986-2022 Xilinx, Inc. All Rights Reserved.
    ** Copyright 2022-2025 Advanced Micro Devices, Inc. All Rights Reserved.

source quick_synth_test.tcl
# puts "========================================="
=========================================
# puts "QUICK SYNTHESIS TEST"
QUICK SYNTHESIS TEST
# puts "========================================="
=========================================
# open_project vivado_gui/oscilloscope_test.xpr
Scanning sources...
Finished scanning sources
WARNING: [Board 49-26] cannot add Board Part xilinx.com:zcu208ld:part0:2.0 available at /tools/Xilinx/2025.1/data/xhub/boards/XilinxBoardStore/boards/Xilinx/zcu208ld/production/2.0/board.xml as part xczu58dr-fsvg1517-2-i specified in board_part file is either invalid or not available
WARNING: [Board 49-26] cannot add Board Part xilinx.com:zcu216ld:part0:2.0 available at /tools/Xilinx/2025.1/data/xhub/boards/XilinxBoardStore/boards/Xilinx/zcu216ld/production/2.0/board.xml as part xczu59dr-ffvf1760-2-i specified in board_part file is either invalid or not available
WARNING: [Board 49-26] cannot add Board Part xilinx.com:zcu670ld:part0:1.0 available at /tools/Xilinx/2025.1/data/xhub/boards/XilinxBoardStore/boards/Xilinx/zcu670ld/1.0/board.xml as part xczu57dr-fsve1156-2-i specified in board_part file is either invalid or not available
WARNING: [Project 1-5713] Board part '' set for the project  is not found. BoardPart property will be unset. Please select board from latest repo build 
INFO: [IP_Flow 19-234] Refreshing IP repositories
INFO: [IP_Flow 19-1700] Loaded user IP repository '/home/testpc/fpga_asist_dev/validation_test/ax7010_fpga/18_ad9238_hdmi/auto_create_project/my_ip'.
INFO: [IP_Flow 19-2313] Loaded Vivado IP repository '/tools/Xilinx/2025.1/Vivado/data/ip'.
# reset_run synth_1
WARNING: [Vivado 12-1017] Problems encountered:
1. Attempt to kill process failed

# launch_runs synth_1
INFO: [Vivado 12-4149] The synthesis checkpoint for IP '/home/testpc/fpga_asist_dev/validation_test/si5351_ad9238_hdmi_project/fpga/vivado_gui/oscilloscope_test.srcs/sources_1/ip/clk_wiz_0/clk_wiz_0.xci' is already up-to-date
[Mon Feb 16 15:50:58 2026] Launched synth_1...
Run output will be captured here: /home/testpc/fpga_asist_dev/validation_test/si5351_ad9238_hdmi_project/fpga/vivado_gui/oscilloscope_test.runs/synth_1/runme.log
# wait_on_run synth_1
[Mon Feb 16 15:50:58 2026] Waiting for synth_1 to finish...

*** Running vivado
    with args -log si5351_ad9238_hdmi_top_test.vds -m64 -product Vivado -mode batch -messageDb vivado.pb -notrace -source si5351_ad9238_hdmi_top_test.tcl


****** Vivado v2025.1 (64-bit)
  **** SW Build 6140274 on Wed May 21 22:58:25 MDT 2025
  **** IP Build 6138677 on Thu May 22 03:10:11 MDT 2025
  **** SharedData Build 6139179 on Tue May 20 17:58:58 MDT 2025
  **** Start of session at: Mon Feb 16 15:49:46 2026
    ** Copyright 1986-2022 Xilinx, Inc. All Rights Reserved.
    ** Copyright 2022-2025 Advanced Micro Devices, Inc. All Rights Reserved.

source si5351_ad9238_hdmi_top_test.tcl -notrace
INFO: [IP_Flow 19-234] Refreshing IP repositories
INFO: [IP_Flow 19-1700] Loaded user IP repository '/home/testpc/fpga_asist_dev/validation_test/ax7010_fpga/18_ad9238_hdmi/auto_create_project/my_ip'.
INFO: [IP_Flow 19-2313] Loaded Vivado IP repository '/tools/Xilinx/2025.1/Vivado/data/ip'.
Command: read_checkpoint -auto_incremental -incremental /home/testpc/fpga_asist_dev/validation_test/si5351_ad9238_hdmi_project/fpga/vivado_gui/oscilloscope_test.srcs/utils_1/imports/synth_1/si5351_ad9238_hdmi_top_test.dcp
INFO: [Vivado 12-5825] Read reference checkpoint from /home/testpc/fpga_asist_dev/validation_test/si5351_ad9238_hdmi_project/fpga/vivado_gui/oscilloscope_test.srcs/utils_1/imports/synth_1/si5351_ad9238_hdmi_top_test.dcp for incremental synthesis
INFO: [Vivado 12-7989] Please ensure there are no constraint changes
Command: synth_design -top si5351_ad9238_hdmi_top_test -part xc7z010clg400-1
Starting synth_design
Attempting to get a license for feature 'Synthesis' and/or device 'xc7z010'
INFO: [Common 17-349] Got license for feature 'Synthesis' and/or device 'xc7z010'
INFO: [Device 21-403] Loading part xc7z010clg400-1
INFO: [Designutils 20-5440] No compile time benefit to using incremental synthesis; A full resynthesis will be run
INFO: [Designutils 20-4379] Flow is switching to default flow due to incremental criteria not met. If you would like to alter this behaviour and have the flow terminate instead, please set the following parameter config_implementation {autoIncr.Synth.RejectBehavior Terminate}
INFO: [Synth 8-7079] Multithreading enabled for synth_design using a maximum of 7 processes.
INFO: [Synth 8-7078] Launching helper process for spawning children vivado processes
INFO: [Synth 8-7075] Helper process launched with PID 2705722
---------------------------------------------------------------------------------
Starting RTL Elaboration : Time (s): cpu = 00:00:02 ; elapsed = 00:00:02 . Memory (MB): peak = 2243.637 ; gain = 439.742 ; free physical = 4378 ; free virtual = 13564
---------------------------------------------------------------------------------
INFO: [Synth 8-6157] synthesizing module 'si5351_ad9238_hdmi_top_test' [/home/testpc/fpga_asist_dev/validation_test/si5351_ad9238_hdmi_project/fpga/src/top_simplified.v:8]
INFO: [Synth 8-6157] synthesizing module 'clk_wiz_0' [/home/testpc/fpga_asist_dev/validation_test/si5351_ad9238_hdmi_project/fpga/vivado_gui/oscilloscope_test.runs/synth_1/.Xil/Vivado-2705646-testpc-MS-7D98/realtime/clk_wiz_0_stub.v:6]
INFO: [Synth 8-6155] done synthesizing module 'clk_wiz_0' (0#1) [/home/testpc/fpga_asist_dev/validation_test/si5351_ad9238_hdmi_project/fpga/vivado_gui/oscilloscope_test.runs/synth_1/.Xil/Vivado-2705646-testpc-MS-7D98/realtime/clk_wiz_0_stub.v:6]
INFO: [Synth 8-6157] synthesizing module 'test_square_wave_gen' [/home/testpc/fpga_asist_dev/validation_test/si5351_ad9238_hdmi_project/fpga/src/test_square_wave_gen.v:8]
	Parameter CLK_FREQ_MHZ bound to: 65 - type: integer 
	Parameter WAVE_FREQ_KHZ bound to: 100 - type: integer 
INFO: [Synth 8-6155] done synthesizing module 'test_square_wave_gen' (0#1) [/home/testpc/fpga_asist_dev/validation_test/si5351_ad9238_hdmi_project/fpga/src/test_square_wave_gen.v:8]
INFO: [Synth 8-6157] synthesizing module 'waveform_display' [/home/testpc/fpga_asist_dev/validation_test/si5351_ad9238_hdmi_project/fpga/src/waveform_display.v:7]
INFO: [Synth 8-6155] done synthesizing module 'waveform_display' (0#1) [/home/testpc/fpga_asist_dev/validation_test/si5351_ad9238_hdmi_project/fpga/src/waveform_display.v:7]
INFO: [Synth 8-6157] synthesizing module 'rgb2dvi_0' [/home/testpc/fpga_asist_dev/validation_test/si5351_ad9238_hdmi_project/fpga/vivado_gui/oscilloscope_test.runs/synth_1/.Xil/Vivado-2705646-testpc-MS-7D98/realtime/rgb2dvi_0_stub.v:6]
INFO: [Synth 8-6155] done synthesizing module 'rgb2dvi_0' (0#1) [/home/testpc/fpga_asist_dev/validation_test/si5351_ad9238_hdmi_project/fpga/vivado_gui/oscilloscope_test.runs/synth_1/.Xil/Vivado-2705646-testpc-MS-7D98/realtime/rgb2dvi_0_stub.v:6]
WARNING: [Synth 8-7071] port 'oen' of module 'rgb2dvi_0' is unconnected for instance 'hdmi_encoder' [/home/testpc/fpga_asist_dev/validation_test/si5351_ad9238_hdmi_project/fpga/src/top_simplified.v:105]
WARNING: [Synth 8-7023] instance 'hdmi_encoder' of module 'rgb2dvi_0' has 12 connections declared, but only 11 given [/home/testpc/fpga_asist_dev/validation_test/si5351_ad9238_hdmi_project/fpga/src/top_simplified.v:105]
INFO: [Synth 8-6155] done synthesizing module 'si5351_ad9238_hdmi_top_test' (0#1) [/home/testpc/fpga_asist_dev/validation_test/si5351_ad9238_hdmi_project/fpga/src/top_simplified.v:8]
WARNING: [Synth 8-3917] design si5351_ad9238_hdmi_top_test has port hdmi_oen driven by constant 1
INFO: [Common 17-41] Interrupt caught. Command should exit soon.
1
INFO: [Common 17-83] Releasing license: Synthesis
24 Infos, 3 Warnings, 0 Critical Warnings and 1 Errors encountered.
synth_design failed
INFO: [Common 17-344] 'source' was cancelled
INFO: [Common 17-206] Exiting Vivado at Mon Feb 16 15:49:53 2026...

*** Running vivado
    with args -log si5351_ad9238_hdmi_top_test.vds -m64 -product Vivado -mode batch -messageDb vivado.pb -notrace -source si5351_ad9238_hdmi_top_test.tcl


****** Vivado v2025.1 (64-bit)
  **** SW Build 6140274 on Wed May 21 22:58:25 MDT 2025
  **** IP Build 6138677 on Thu May 22 03:10:11 MDT 2025
  **** SharedData Build 6139179 on Tue May 20 17:58:58 MDT 2025
  **** Start of session at: Mon Feb 16 15:50:59 2026
    ** Copyright 1986-2022 Xilinx, Inc. All Rights Reserved.
    ** Copyright 2022-2025 Advanced Micro Devices, Inc. All Rights Reserved.

source si5351_ad9238_hdmi_top_test.tcl -notrace
INFO: [IP_Flow 19-234] Refreshing IP repositories
INFO: [IP_Flow 19-1700] Loaded user IP repository '/home/testpc/fpga_asist_dev/validation_test/ax7010_fpga/18_ad9238_hdmi/auto_create_project/my_ip'.
INFO: [IP_Flow 19-2313] Loaded Vivado IP repository '/tools/Xilinx/2025.1/Vivado/data/ip'.
Command: read_checkpoint -auto_incremental -incremental /home/testpc/fpga_asist_dev/validation_test/si5351_ad9238_hdmi_project/fpga/vivado_gui/oscilloscope_test.srcs/utils_1/imports/synth_1/si5351_ad9238_hdmi_top_test.dcp
INFO: [Vivado 12-5825] Read reference checkpoint from /home/testpc/fpga_asist_dev/validation_test/si5351_ad9238_hdmi_project/fpga/vivado_gui/oscilloscope_test.srcs/utils_1/imports/synth_1/si5351_ad9238_hdmi_top_test.dcp for incremental synthesis
INFO: [Vivado 12-7989] Please ensure there are no constraint changes
Command: synth_design -top si5351_ad9238_hdmi_top_test -part xc7z010clg400-1
Starting synth_design
Attempting to get a license for feature 'Synthesis' and/or device 'xc7z010'
INFO: [Common 17-349] Got license for feature 'Synthesis' and/or device 'xc7z010'
INFO: [Device 21-403] Loading part xc7z010clg400-1
INFO: [Designutils 20-5440] No compile time benefit to using incremental synthesis; A full resynthesis will be run
INFO: [Designutils 20-4379] Flow is switching to default flow due to incremental criteria not met. If you would like to alter this behaviour and have the flow terminate instead, please set the following parameter config_implementation {autoIncr.Synth.RejectBehavior Terminate}
INFO: [Synth 8-7079] Multithreading enabled for synth_design using a maximum of 7 processes.
INFO: [Synth 8-7078] Launching helper process for spawning children vivado processes
INFO: [Synth 8-7075] Helper process launched with PID 2706682
---------------------------------------------------------------------------------
Starting RTL Elaboration : Time (s): cpu = 00:00:02 ; elapsed = 00:00:02 . Memory (MB): peak = 2243.848 ; gain = 439.742 ; free physical = 4588 ; free virtual = 13768
---------------------------------------------------------------------------------
INFO: [Synth 8-6157] synthesizing module 'si5351_ad9238_hdmi_top_test' [/home/testpc/fpga_asist_dev/validation_test/si5351_ad9238_hdmi_project/fpga/src/top_simplified.v:8]
INFO: [Synth 8-6157] synthesizing module 'clk_wiz_0' [/home/testpc/fpga_asist_dev/validation_test/si5351_ad9238_hdmi_project/fpga/vivado_gui/oscilloscope_test.runs/synth_1/.Xil/Vivado-2706636-testpc-MS-7D98/realtime/clk_wiz_0_stub.v:6]
INFO: [Synth 8-6155] done synthesizing module 'clk_wiz_0' (0#1) [/home/testpc/fpga_asist_dev/validation_test/si5351_ad9238_hdmi_project/fpga/vivado_gui/oscilloscope_test.runs/synth_1/.Xil/Vivado-2706636-testpc-MS-7D98/realtime/clk_wiz_0_stub.v:6]
INFO: [Synth 8-6157] synthesizing module 'test_square_wave_gen' [/home/testpc/fpga_asist_dev/validation_test/si5351_ad9238_hdmi_project/fpga/src/test_square_wave_gen.v:8]
	Parameter CLK_FREQ_MHZ bound to: 65 - type: integer 
	Parameter WAVE_FREQ_KHZ bound to: 100 - type: integer 
INFO: [Synth 8-6155] done synthesizing module 'test_square_wave_gen' (0#1) [/home/testpc/fpga_asist_dev/validation_test/si5351_ad9238_hdmi_project/fpga/src/test_square_wave_gen.v:8]
INFO: [Synth 8-6157] synthesizing module 'waveform_display' [/home/testpc/fpga_asist_dev/validation_test/si5351_ad9238_hdmi_project/fpga/src/waveform_display.v:7]
INFO: [Synth 8-6155] done synthesizing module 'waveform_display' (0#1) [/home/testpc/fpga_asist_dev/validation_test/si5351_ad9238_hdmi_project/fpga/src/waveform_display.v:7]
INFO: [Synth 8-6157] synthesizing module 'rgb2dvi_0' [/home/testpc/fpga_asist_dev/validation_test/si5351_ad9238_hdmi_project/fpga/vivado_gui/oscilloscope_test.runs/synth_1/.Xil/Vivado-2706636-testpc-MS-7D98/realtime/rgb2dvi_0_stub.v:6]
INFO: [Synth 8-6155] done synthesizing module 'rgb2dvi_0' (0#1) [/home/testpc/fpga_asist_dev/validation_test/si5351_ad9238_hdmi_project/fpga/vivado_gui/oscilloscope_test.runs/synth_1/.Xil/Vivado-2706636-testpc-MS-7D98/realtime/rgb2dvi_0_stub.v:6]
WARNING: [Synth 8-7071] port 'oen' of module 'rgb2dvi_0' is unconnected for instance 'hdmi_encoder' [/home/testpc/fpga_asist_dev/validation_test/si5351_ad9238_hdmi_project/fpga/src/top_simplified.v:105]
WARNING: [Synth 8-7023] instance 'hdmi_encoder' of module 'rgb2dvi_0' has 12 connections declared, but only 11 given [/home/testpc/fpga_asist_dev/validation_test/si5351_ad9238_hdmi_project/fpga/src/top_simplified.v:105]
INFO: [Synth 8-6155] done synthesizing module 'si5351_ad9238_hdmi_top_test' (0#1) [/home/testpc/fpga_asist_dev/validation_test/si5351_ad9238_hdmi_project/fpga/src/top_simplified.v:8]
WARNING: [Synth 8-3917] design si5351_ad9238_hdmi_top_test has port hdmi_oen driven by constant 1
---------------------------------------------------------------------------------
Finished RTL Elaboration : Time (s): cpu = 00:00:02 ; elapsed = 00:00:03 . Memory (MB): peak = 2318.785 ; gain = 514.680 ; free physical = 4495 ; free virtual = 13676
---------------------------------------------------------------------------------
---------------------------------------------------------------------------------
Start Handling Custom Attributes
---------------------------------------------------------------------------------
---------------------------------------------------------------------------------
Finished Handling Custom Attributes : Time (s): cpu = 00:00:02 ; elapsed = 00:00:03 . Memory (MB): peak = 2336.598 ; gain = 532.492 ; free physical = 4495 ; free virtual = 13676
---------------------------------------------------------------------------------
---------------------------------------------------------------------------------
Finished RTL Optimization Phase 1 : Time (s): cpu = 00:00:02 ; elapsed = 00:00:03 . Memory (MB): peak = 2336.598 ; gain = 532.492 ; free physical = 4495 ; free virtual = 13676
---------------------------------------------------------------------------------
Netlist sorting complete. Time (s): cpu = 00:00:00 ; elapsed = 00:00:00 . Memory (MB): peak = 2336.598 ; gain = 0.000 ; free physical = 4495 ; free virtual = 13676
INFO: [Project 1-570] Preparing netlist for logic optimization

Processing XDC Constraints
Initializing timing engine
Parsing XDC File [/home/testpc/fpga_asist_dev/validation_test/si5351_ad9238_hdmi_project/fpga/vivado_gui/oscilloscope_test.gen/sources_1/ip/clk_wiz_0/clk_wiz_0/clk_wiz_0_in_context.xdc] for cell 'pll_inst'
Finished Parsing XDC File [/home/testpc/fpga_asist_dev/validation_test/si5351_ad9238_hdmi_project/fpga/vivado_gui/oscilloscope_test.gen/sources_1/ip/clk_wiz_0/clk_wiz_0/clk_wiz_0_in_context.xdc] for cell 'pll_inst'
Parsing XDC File [/home/testpc/fpga_asist_dev/validation_test/si5351_ad9238_hdmi_project/fpga/vivado_gui/oscilloscope_test.gen/sources_1/ip/rgb2dvi_0/rgb2dvi_0/rgb2dvi_0_in_context.xdc] for cell 'hdmi_encoder'
Finished Parsing XDC File [/home/testpc/fpga_asist_dev/validation_test/si5351_ad9238_hdmi_project/fpga/vivado_gui/oscilloscope_test.gen/sources_1/ip/rgb2dvi_0/rgb2dvi_0/rgb2dvi_0_in_context.xdc] for cell 'hdmi_encoder'
Parsing XDC File [/home/testpc/fpga_asist_dev/validation_test/si5351_ad9238_hdmi_project/fpga/constraints/pins.xdc]
CRITICAL WARNING: [Constraints 18-1056] Clock 'sys_clk_pin' completely overrides clock 'sys_clk'.
New: create_clock -period 20.000 -name sys_clk_pin [get_ports sys_clk], [/home/testpc/fpga_asist_dev/validation_test/si5351_ad9238_hdmi_project/fpga/constraints/pins.xdc:13]
Previous: create_clock -period 20.000 [get_ports sys_clk], [/home/testpc/fpga_asist_dev/validation_test/si5351_ad9238_hdmi_project/fpga/vivado_gui/oscilloscope_test.gen/sources_1/ip/clk_wiz_0/clk_wiz_0/clk_wiz_0_in_context.xdc:1]
Resolution: Review the constraint files and remove the redundant clock definition(s). If the clock constraints are not saved in a file, you can first save the constraints to an XDC file and reload the design once the constraints have been corrected.
Finished Parsing XDC File [/home/testpc/fpga_asist_dev/validation_test/si5351_ad9238_hdmi_project/fpga/constraints/pins.xdc]
INFO: [Project 1-236] Implementation specific constraints were found while reading constraint file [/home/testpc/fpga_asist_dev/validation_test/si5351_ad9238_hdmi_project/fpga/constraints/pins.xdc]. These constraints will be ignored for synthesis but will be used in implementation. Impacted constraints are listed in the file [.Xil/si5351_ad9238_hdmi_top_test_propImpl.xdc].
Resolution: To avoid this warning, move constraints listed in [.Xil/si5351_ad9238_hdmi_top_test_propImpl.xdc] to another XDC file and exclude this new file from synthesis with the used_in_synthesis property (File Properties dialog in GUI) and re-run elaboration/synthesis.
Parsing XDC File [/home/testpc/fpga_asist_dev/validation_test/si5351_ad9238_hdmi_project/fpga/vivado_gui/oscilloscope_test.runs/synth_1/dont_touch.xdc]
Finished Parsing XDC File [/home/testpc/fpga_asist_dev/validation_test/si5351_ad9238_hdmi_project/fpga/vivado_gui/oscilloscope_test.runs/synth_1/dont_touch.xdc]
Completed Processing XDC Constraints

Netlist sorting complete. Time (s): cpu = 00:00:00 ; elapsed = 00:00:00 . Memory (MB): peak = 2467.336 ; gain = 0.000 ; free physical = 4491 ; free virtual = 13672
INFO: [Project 1-111] Unisim Transformation Summary:
No Unisim elements were transformed.

Constraint Validation Runtime : Time (s): cpu = 00:00:00 ; elapsed = 00:00:00 . Memory (MB): peak = 2467.371 ; gain = 0.000 ; free physical = 4491 ; free virtual = 13672
INFO: [Designutils 20-5440] No compile time benefit to using incremental synthesis; A full resynthesis will be run
INFO: [Designutils 20-4379] Flow is switching to default flow due to incremental criteria not met. If you would like to alter this behaviour and have the flow terminate instead, please set the following parameter config_implementation {autoIncr.Synth.RejectBehavior Terminate}
---------------------------------------------------------------------------------
Finished Constraint Validation : Time (s): cpu = 00:00:05 ; elapsed = 00:00:05 . Memory (MB): peak = 2467.371 ; gain = 663.266 ; free physical = 4524 ; free virtual = 13719
---------------------------------------------------------------------------------
---------------------------------------------------------------------------------
Start Loading Part and Timing Information
---------------------------------------------------------------------------------
Loading part: xc7z010clg400-1
---------------------------------------------------------------------------------
Finished Loading Part and Timing Information : Time (s): cpu = 00:00:05 ; elapsed = 00:00:05 . Memory (MB): peak = 2475.340 ; gain = 671.234 ; free physical = 4524 ; free virtual = 13719
---------------------------------------------------------------------------------
---------------------------------------------------------------------------------
Start Applying 'set_property' XDC Constraints
---------------------------------------------------------------------------------
---------------------------------------------------------------------------------
Finished applying 'set_property' XDC Constraints : Time (s): cpu = 00:00:05 ; elapsed = 00:00:05 . Memory (MB): peak = 2475.340 ; gain = 671.234 ; free physical = 4526 ; free virtual = 13721
---------------------------------------------------------------------------------
---------------------------------------------------------------------------------
Finished RTL Optimization Phase 2 : Time (s): cpu = 00:00:06 ; elapsed = 00:00:06 . Memory (MB): peak = 2475.340 ; gain = 671.234 ; free physical = 4521 ; free virtual = 13717
---------------------------------------------------------------------------------
---------------------------------------------------------------------------------
Start RTL Component Statistics 
---------------------------------------------------------------------------------
Detailed RTL Component Info : 
+---Adders : 
	   2 Input   32 Bit       Adders := 1     
	   2 Input   12 Bit       Adders := 2     
	   2 Input   11 Bit       Adders := 2     
	   2 Input   10 Bit       Adders := 1     
	   2 Input    9 Bit       Adders := 1     
+---Registers : 
	               24 Bit    Registers := 1     
	               16 Bit    Registers := 1     
	               12 Bit    Registers := 1     
	               11 Bit    Registers := 3     
	               10 Bit    Registers := 4     
	                1 Bit    Registers := 2     
+---RAMs : 
	              10K Bit	(1024 X 10 bit)          RAMs := 1     
+---Muxes : 
	   4 Input   23 Bit        Muxes := 1     
	   2 Input   11 Bit        Muxes := 2     
	   2 Input    9 Bit        Muxes := 1     
---------------------------------------------------------------------------------
Finished RTL Component Statistics 
---------------------------------------------------------------------------------
---------------------------------------------------------------------------------
Start Part Resource Summary
---------------------------------------------------------------------------------
Part Resources:
DSPs: 80 (col length:40)
BRAMs: 120 (col length: RAMB18 40 RAMB36 20)
---------------------------------------------------------------------------------
Finished Part Resource Summary
---------------------------------------------------------------------------------
---------------------------------------------------------------------------------
Start Cross Boundary and Area Optimization
---------------------------------------------------------------------------------
WARNING: [Synth 8-7080] Parallel synthesis criteria is not met
DSP Report: Generating DSP display_inst/sample_y1, operation Mode is: A*(B:0x2d0).
DSP Report: operator display_inst/sample_y1 is absorbed into DSP display_inst/sample_y1.
WARNING: [Synth 8-3917] design si5351_ad9238_hdmi_top_test has port hdmi_oen driven by constant 1
---------------------------------------------------------------------------------
Finished Cross Boundary and Area Optimization : Time (s): cpu = 00:00:06 ; elapsed = 00:00:07 . Memory (MB): peak = 2475.340 ; gain = 671.234 ; free physical = 4505 ; free virtual = 13705
---------------------------------------------------------------------------------
 Sort Area is  display_inst/sample_y1_0 : 0 0 : 160 160 : Used 1 time 0
---------------------------------------------------------------------------------
Start ROM, RAM, DSP, Shift Register and Retiming Reporting
---------------------------------------------------------------------------------

Block RAM: Preliminary Mapping Report (see note below)
+----------------------------+-------------------+------------------------+---+---+------------------------+---+---+------------------+--------+--------+
|Module Name                 | RTL Object        | PORT A (Depth x Width) | W | R | PORT B (Depth x Width) | W | R | Ports driving FF | RAMB18 | RAMB36 | 
+----------------------------+-------------------+------------------------+---+---+------------------------+---+---+------------------+--------+--------+
|si5351_ad9238_hdmi_top_test | sample_buffer_reg | 1 K x 10(NO_CHANGE)    | W |   | 1 K x 10(WRITE_FIRST)  |   | R | Port A and B     | 1      | 0      | 
+----------------------------+-------------------+------------------------+---+---+------------------------+---+---+------------------+--------+--------+

Note: The table above is a preliminary report that shows the Block RAMs at the current stage of the synthesis flow. Some Block RAMs may be reimplemented as non Block RAM primitives later in the synthesis flow. Multiple instantiated Block RAMs are reported only once. 

DSP: Preliminary Mapping Report (see note below. The ' indicates corresponding REG is set)
+-----------------+-------------+--------+--------+--------+--------+--------+------+------+------+------+-------+------+------+
|Module Name      | DSP Mapping | A Size | B Size | C Size | D Size | P Size | AREG | BREG | CREG | DREG | ADREG | MREG | PREG | 
+-----------------+-------------+--------+--------+--------+--------+--------+------+------+------+------+-------+------+------+
|waveform_display | A*(B:0x2d0) | 10     | 10     | -      | -      | 20     | 0    | 0    | -    | -    | -     | 0    | 0    | 
+-----------------+-------------+--------+--------+--------+--------+--------+------+------+------+------+-------+------+------+

Note: The table above is a preliminary report that shows the DSPs inferred at the current stage of the synthesis flow. Some DSP may be reimplemented as non DSP primitives later in the synthesis flow. Multiple instantiated DSPs are reported only once.
---------------------------------------------------------------------------------
Finished ROM, RAM, DSP, Shift Register and Retiming Reporting
---------------------------------------------------------------------------------
---------------------------------------------------------------------------------
Start Applying XDC Timing Constraints
---------------------------------------------------------------------------------
---------------------------------------------------------------------------------
Finished Applying XDC Timing Constraints : Time (s): cpu = 00:00:09 ; elapsed = 00:00:10 . Memory (MB): peak = 2551.340 ; gain = 747.234 ; free physical = 4384 ; free virtual = 13585
---------------------------------------------------------------------------------
---------------------------------------------------------------------------------
Start Timing Optimization
---------------------------------------------------------------------------------
---------------------------------------------------------------------------------
Finished Timing Optimization : Time (s): cpu = 00:00:10 ; elapsed = 00:00:10 . Memory (MB): peak = 2584.387 ; gain = 780.281 ; free physical = 4353 ; free virtual = 13555
---------------------------------------------------------------------------------
---------------------------------------------------------------------------------
Start ROM, RAM, DSP, Shift Register and Retiming Reporting
---------------------------------------------------------------------------------

Block RAM: Final Mapping Report
+----------------------------+-------------------+------------------------+---+---+------------------------+---+---+------------------+--------+--------+
|Module Name                 | RTL Object        | PORT A (Depth x Width) | W | R | PORT B (Depth x Width) | W | R | Ports driving FF | RAMB18 | RAMB36 | 
+----------------------------+-------------------+------------------------+---+---+------------------------+---+---+------------------+--------+--------+
|si5351_ad9238_hdmi_top_test | sample_buffer_reg | 1 K x 10(NO_CHANGE)    | W |   | 1 K x 10(WRITE_FIRST)  |   | R | Port A and B     | 1      | 0      | 
+----------------------------+-------------------+------------------------+---+---+------------------------+---+---+------------------+--------+--------+

---------------------------------------------------------------------------------
Finished ROM, RAM, DSP, Shift Register and Retiming Reporting
---------------------------------------------------------------------------------
---------------------------------------------------------------------------------
Start Technology Mapping
---------------------------------------------------------------------------------
INFO: [Synth 8-7052] The timing for the instance sample_buffer_reg (implemented as a Block RAM) might be sub-optimal as no optional output register could be merged into the ram block. Providing additional output register may help in improving timing.
---------------------------------------------------------------------------------
Finished Technology Mapping : Time (s): cpu = 00:00:10 ; elapsed = 00:00:10 . Memory (MB): peak = 2584.387 ; gain = 780.281 ; free physical = 4353 ; free virtual = 13555
---------------------------------------------------------------------------------
---------------------------------------------------------------------------------
Start IO Insertion
---------------------------------------------------------------------------------
---------------------------------------------------------------------------------
Start Flattening Before IO Insertion
---------------------------------------------------------------------------------
---------------------------------------------------------------------------------
Finished Flattening Before IO Insertion
---------------------------------------------------------------------------------
---------------------------------------------------------------------------------
Start Final Netlist Cleanup
---------------------------------------------------------------------------------
---------------------------------------------------------------------------------
Finished Final Netlist Cleanup
---------------------------------------------------------------------------------
---------------------------------------------------------------------------------
Finished IO Insertion : Time (s): cpu = 00:00:11 ; elapsed = 00:00:11 . Memory (MB): peak = 2741.199 ; gain = 937.094 ; free physical = 4231 ; free virtual = 13432
---------------------------------------------------------------------------------
---------------------------------------------------------------------------------
Start Renaming Generated Instances
---------------------------------------------------------------------------------
---------------------------------------------------------------------------------
Finished Renaming Generated Instances : Time (s): cpu = 00:00:11 ; elapsed = 00:00:11 . Memory (MB): peak = 2741.199 ; gain = 937.094 ; free physical = 4231 ; free virtual = 13432
---------------------------------------------------------------------------------
---------------------------------------------------------------------------------
Start Rebuilding User Hierarchy
---------------------------------------------------------------------------------
---------------------------------------------------------------------------------
Finished Rebuilding User Hierarchy : Time (s): cpu = 00:00:11 ; elapsed = 00:00:11 . Memory (MB): peak = 2741.199 ; gain = 937.094 ; free physical = 4231 ; free virtual = 13432
---------------------------------------------------------------------------------
---------------------------------------------------------------------------------
Start Renaming Generated Ports
---------------------------------------------------------------------------------
---------------------------------------------------------------------------------
Finished Renaming Generated Ports : Time (s): cpu = 00:00:11 ; elapsed = 00:00:11 . Memory (MB): peak = 2741.199 ; gain = 937.094 ; free physical = 4231 ; free virtual = 13432
---------------------------------------------------------------------------------
---------------------------------------------------------------------------------
Start Handling Custom Attributes
---------------------------------------------------------------------------------
---------------------------------------------------------------------------------
Finished Handling Custom Attributes : Time (s): cpu = 00:00:11 ; elapsed = 00:00:11 . Memory (MB): peak = 2744.168 ; gain = 940.062 ; free physical = 4231 ; free virtual = 13432
---------------------------------------------------------------------------------
---------------------------------------------------------------------------------
Start Renaming Generated Nets
---------------------------------------------------------------------------------
---------------------------------------------------------------------------------
Finished Renaming Generated Nets : Time (s): cpu = 00:00:11 ; elapsed = 00:00:11 . Memory (MB): peak = 2744.168 ; gain = 940.062 ; free physical = 4231 ; free virtual = 13432
---------------------------------------------------------------------------------
---------------------------------------------------------------------------------
Start Writing Synthesis Report
---------------------------------------------------------------------------------

DSP Final Report (the ' indicates corresponding REG is set)
+-----------------+-------------+--------+--------+--------+--------+--------+------+------+------+------+-------+------+------+
|Module Name      | DSP Mapping | A Size | B Size | C Size | D Size | P Size | AREG | BREG | CREG | DREG | ADREG | MREG | PREG | 
+-----------------+-------------+--------+--------+--------+--------+--------+------+------+------+------+-------+------+------+
|waveform_display | A*B         | 10     | 10     | -      | -      | 20     | 0    | 0    | -    | -    | -     | 0    | 0    | 
+-----------------+-------------+--------+--------+--------+--------+--------+------+------+------+------+-------+------+------+


Report BlackBoxes: 
+------+--------------+----------+
|      |BlackBox name |Instances |
+------+--------------+----------+
|1     |clk_wiz_0     |         1|
|2     |rgb2dvi_0     |         1|
+------+--------------+----------+

Report Cell Usage: 
+------+---------+------+
|      |Cell     |Count |
+------+---------+------+
|1     |clk_wiz  |     1|
|2     |rgb2dvi  |     1|
|3     |CARRY4   |    25|
|4     |DSP48E1  |     1|
|5     |LUT1     |     8|
|6     |LUT2     |    39|
|7     |LUT3     |    30|
|8     |LUT4     |    42|
|9     |LUT5     |    47|
|10    |LUT6     |    72|
|11    |RAMB18E1 |     1|
|12    |FDCE     |    61|
|13    |FDRE     |    20|
|14    |IBUF     |     1|
|15    |OBUF     |     2|
+------+---------+------+
---------------------------------------------------------------------------------
Finished Writing Synthesis Report : Time (s): cpu = 00:00:11 ; elapsed = 00:00:11 . Memory (MB): peak = 2744.168 ; gain = 940.062 ; free physical = 4231 ; free virtual = 13432
---------------------------------------------------------------------------------
Synthesis finished with 0 errors, 0 critical warnings and 2 warnings.
Synthesis Optimization Runtime : Time (s): cpu = 00:00:10 ; elapsed = 00:00:11 . Memory (MB): peak = 2744.168 ; gain = 809.289 ; free physical = 4231 ; free virtual = 13432
Synthesis Optimization Complete : Time (s): cpu = 00:00:11 ; elapsed = 00:00:11 . Memory (MB): peak = 2744.176 ; gain = 940.062 ; free physical = 4231 ; free virtual = 13432
INFO: [Project 1-571] Translating synthesized netlist
Netlist sorting complete. Time (s): cpu = 00:00:00 ; elapsed = 00:00:00 . Memory (MB): peak = 2744.176 ; gain = 0.000 ; free physical = 4246 ; free virtual = 13448
INFO: [Netlist 29-17] Analyzing 27 Unisim elements for replacement
INFO: [Netlist 29-28] Unisim Transformation completed in 0 CPU seconds
INFO: [Project 1-570] Preparing netlist for logic optimization
INFO: [Opt 31-138] Pushed 0 inverter(s) to 0 load pin(s).
Netlist sorting complete. Time (s): cpu = 00:00:00 ; elapsed = 00:00:00 . Memory (MB): peak = 2800.195 ; gain = 0.000 ; free physical = 4405 ; free virtual = 13606
INFO: [Project 1-111] Unisim Transformation Summary:
No Unisim elements were transformed.

Synth Design complete | Checksum: c5743bed
INFO: [Common 17-83] Releasing license: Synthesis
35 Infos, 5 Warnings, 1 Critical Warnings and 0 Errors encountered.
synth_design completed successfully
synth_design: Time (s): cpu = 00:00:15 ; elapsed = 00:00:14 . Memory (MB): peak = 2800.230 ; gain = 1163.539 ; free physical = 4403 ; free virtual = 13605
INFO: [Common 17-2834] synth_design peak Physical Memory [PSS] (MB): overall = 1820.995; main = 1766.928; forked = 212.017
INFO: [Common 17-2834] synth_design peak Virtual Memory [VSS] (MB): overall = 3555.074; main = 2800.199; forked = 970.684
INFO: [runtcl-6] Synthesis results are not added to the cache due to CRITICAL_WARNING
Write ShapeDB Complete: Time (s): cpu = 00:00:00 ; elapsed = 00:00:00 . Memory (MB): peak = 2824.207 ; gain = 0.000 ; free physical = 4403 ; free virtual = 13605
INFO: [Common 17-1381] The checkpoint '/home/testpc/fpga_asist_dev/validation_test/si5351_ad9238_hdmi_project/fpga/vivado_gui/oscilloscope_test.runs/synth_1/si5351_ad9238_hdmi_top_test.dcp' has been generated.
INFO: [Vivado 12-24828] Executing command : report_utilization -file si5351_ad9238_hdmi_top_test_utilization_synth.rpt -pb si5351_ad9238_hdmi_top_test_utilization_synth.pb
INFO: [Common 17-206] Exiting Vivado at Mon Feb 16 15:51:16 2026...
[Mon Feb 16 15:51:22 2026] synth_1 finished
wait_on_runs: Time (s): cpu = 00:00:22 ; elapsed = 00:00:24 . Memory (MB): peak = 1636.660 ; gain = 0.000 ; free physical = 6096 ; free virtual = 15296
# set synth_status [get_property STATUS [get_runs synth_1]]
# puts "\nSynthesis Status: $synth_status"

Synthesis Status: synth_design Complete!
ERROR: [Common 17-157] Error parsing command line options, please type 'get_msg_config -help' for usage info.
INFO: [Common 17-206] Exiting Vivado at Mon Feb 16 15:51:22 2026...
