
****** Vivado v2025.1 (64-bit)
  **** SW Build 6140274 on Wed May 21 22:58:25 MDT 2025
  **** IP Build 6138677 on Thu May 22 03:10:11 MDT 2025
  **** SharedData Build 6139179 on Tue May 20 17:58:58 MDT 2025
  **** Start of session at: Mon Feb 16 15:28:42 2026
    ** Copyright 1986-2022 Xilinx, Inc. All Rights Reserved.
    ** Copyright 2022-2025 Advanced Micro Devices, Inc. All Rights Reserved.

source reset_and_synth.tcl
# puts "========================================="
=========================================
# puts "Resetting synthesis run..."
Resetting synthesis run...
# puts "========================================="
=========================================
# open_project vivado_gui/oscilloscope_test.xpr
Scanning sources...
Finished scanning sources
WARNING: [Board 49-26] cannot add Board Part xilinx.com:zcu208ld:part0:2.0 available at /tools/Xilinx/2025.1/data/xhub/boards/XilinxBoardStore/boards/Xilinx/zcu208ld/production/2.0/board.xml as part xczu58dr-fsvg1517-2-i specified in board_part file is either invalid or not available
WARNING: [Board 49-26] cannot add Board Part xilinx.com:zcu216ld:part0:2.0 available at /tools/Xilinx/2025.1/data/xhub/boards/XilinxBoardStore/boards/Xilinx/zcu216ld/production/2.0/board.xml as part xczu59dr-ffvf1760-2-i specified in board_part file is either invalid or not available
WARNING: [Board 49-26] cannot add Board Part xilinx.com:zcu670ld:part0:1.0 available at /tools/Xilinx/2025.1/data/xhub/boards/XilinxBoardStore/boards/Xilinx/zcu670ld/1.0/board.xml as part xczu57dr-fsve1156-2-i specified in board_part file is either invalid or not available
WARNING: [Project 1-5713] Board part '' set for the project  is not found. BoardPart property will be unset. Please select board from latest repo build 
INFO: [IP_Flow 19-234] Refreshing IP repositories
INFO: [IP_Flow 19-1700] Loaded user IP repository '/home/testpc/fpga_asist_dev/validation_test/ax7010_fpga/18_ad9238_hdmi/auto_create_project/my_ip'.
INFO: [IP_Flow 19-2313] Loaded Vivado IP repository '/tools/Xilinx/2025.1/Vivado/data/ip'.
# reset_run synth_1
# update_compile_order -fileset sources_1
# puts "========================================="
=========================================
# puts "Starting synthesis..."
Starting synthesis...
# puts "========================================="
=========================================
# launch_runs synth_1
INFO: [Vivado 12-4149] The synthesis checkpoint for IP '/home/testpc/fpga_asist_dev/validation_test/si5351_ad9238_hdmi_project/fpga/vivado_gui/oscilloscope_test.srcs/sources_1/ip/clk_wiz_0/clk_wiz_0.xci' is already up-to-date
WARNING: [Vivado 12-7122] Auto Incremental Compile:: No reference checkpoint was found in run synth_1. Auto-incremental flow will not be run, the standard flow will be run instead.
[Mon Feb 16 15:28:45 2026] Launched synth_1...
Run output will be captured here: /home/testpc/fpga_asist_dev/validation_test/si5351_ad9238_hdmi_project/fpga/vivado_gui/oscilloscope_test.runs/synth_1/runme.log
# wait_on_run synth_1
[Mon Feb 16 15:28:45 2026] Waiting for synth_1 to finish...

*** Running vivado
    with args -log si5351_ad9238_hdmi_top_test.vds -m64 -product Vivado -mode batch -messageDb vivado.pb -notrace -source si5351_ad9238_hdmi_top_test.tcl


****** Vivado v2025.1 (64-bit)
  **** SW Build 6140274 on Wed May 21 22:58:25 MDT 2025
  **** IP Build 6138677 on Thu May 22 03:10:11 MDT 2025
  **** SharedData Build 6139179 on Tue May 20 17:58:58 MDT 2025
  **** Start of session at: Mon Feb 16 15:28:47 2026
    ** Copyright 1986-2022 Xilinx, Inc. All Rights Reserved.
    ** Copyright 2022-2025 Advanced Micro Devices, Inc. All Rights Reserved.

source si5351_ad9238_hdmi_top_test.tcl -notrace
INFO: [IP_Flow 19-234] Refreshing IP repositories
INFO: [IP_Flow 19-1700] Loaded user IP repository '/home/testpc/fpga_asist_dev/validation_test/ax7010_fpga/18_ad9238_hdmi/auto_create_project/my_ip'.
INFO: [IP_Flow 19-2313] Loaded Vivado IP repository '/tools/Xilinx/2025.1/Vivado/data/ip'.
Command: synth_design -top si5351_ad9238_hdmi_top_test -part xc7z010clg400-1
Starting synth_design
Attempting to get a license for feature 'Synthesis' and/or device 'xc7z010'
INFO: [Common 17-349] Got license for feature 'Synthesis' and/or device 'xc7z010'
INFO: [Device 21-403] Loading part xc7z010clg400-1
INFO: [Synth 8-7079] Multithreading enabled for synth_design using a maximum of 7 processes.
INFO: [Synth 8-7078] Launching helper process for spawning children vivado processes
INFO: [Synth 8-7075] Helper process launched with PID 2652447
---------------------------------------------------------------------------------
Starting RTL Elaboration : Time (s): cpu = 00:00:02 ; elapsed = 00:00:02 . Memory (MB): peak = 2242.809 ; gain = 439.742 ; free physical = 1884 ; free virtual = 12226
---------------------------------------------------------------------------------
INFO: [Synth 8-6157] synthesizing module 'si5351_ad9238_hdmi_top_test' [/home/testpc/fpga_asist_dev/validation_test/si5351_ad9238_hdmi_project/fpga/src/top_simplified.v:8]
INFO: [Synth 8-6157] synthesizing module 'clk_wiz_0' [/home/testpc/fpga_asist_dev/validation_test/si5351_ad9238_hdmi_project/fpga/vivado_gui/oscilloscope_test.runs/synth_1/.Xil/Vivado-2652380-testpc-MS-7D98/realtime/clk_wiz_0_stub.v:6]
INFO: [Synth 8-6155] done synthesizing module 'clk_wiz_0' (0#1) [/home/testpc/fpga_asist_dev/validation_test/si5351_ad9238_hdmi_project/fpga/vivado_gui/oscilloscope_test.runs/synth_1/.Xil/Vivado-2652380-testpc-MS-7D98/realtime/clk_wiz_0_stub.v:6]
INFO: [Synth 8-6157] synthesizing module 'test_square_wave_gen' [/home/testpc/fpga_asist_dev/validation_test/si5351_ad9238_hdmi_project/fpga/src/test_square_wave_gen.v:8]
	Parameter CLK_FREQ_MHZ bound to: 65 - type: integer 
	Parameter WAVE_FREQ_KHZ bound to: 100 - type: integer 
INFO: [Synth 8-6155] done synthesizing module 'test_square_wave_gen' (0#1) [/home/testpc/fpga_asist_dev/validation_test/si5351_ad9238_hdmi_project/fpga/src/test_square_wave_gen.v:8]
INFO: [Synth 8-6157] synthesizing module 'waveform_display' [/home/testpc/fpga_asist_dev/validation_test/si5351_ad9238_hdmi_project/fpga/src/waveform_display.v:7]
INFO: [Synth 8-6155] done synthesizing module 'waveform_display' (0#1) [/home/testpc/fpga_asist_dev/validation_test/si5351_ad9238_hdmi_project/fpga/src/waveform_display.v:7]
INFO: [Synth 8-6157] synthesizing module 'rgb2dvi_0' [/home/testpc/fpga_asist_dev/validation_test/si5351_ad9238_hdmi_project/fpga/vivado_gui/oscilloscope_test.runs/synth_1/.Xil/Vivado-2652380-testpc-MS-7D98/realtime/rgb2dvi_0_stub.v:6]
INFO: [Synth 8-6155] done synthesizing module 'rgb2dvi_0' (0#1) [/home/testpc/fpga_asist_dev/validation_test/si5351_ad9238_hdmi_project/fpga/vivado_gui/oscilloscope_test.runs/synth_1/.Xil/Vivado-2652380-testpc-MS-7D98/realtime/rgb2dvi_0_stub.v:6]
INFO: [Synth 8-6155] done synthesizing module 'si5351_ad9238_hdmi_top_test' (0#1) [/home/testpc/fpga_asist_dev/validation_test/si5351_ad9238_hdmi_project/fpga/src/top_simplified.v:8]
CRITICAL WARNING: [Synth 8-6859] multi-driven net on pin /home/testpc/fpga_asist_dev/validation_test/si5351_ad9238_hdmi_project/fpga/src/top_simplified.v-8.0 with 1st driver pin 'hdmi_encoder/oen' [/home/testpc/fpga_asist_dev/validation_test/si5351_ad9238_hdmi_project/fpga/src/top_simplified.v:8]
CRITICAL WARNING: [Synth 8-6859] multi-driven net on pin /home/testpc/fpga_asist_dev/validation_test/si5351_ad9238_hdmi_project/fpga/src/top_simplified.v-8.0 with 2nd driver pin 'VCC' [/home/testpc/fpga_asist_dev/validation_test/si5351_ad9238_hdmi_project/fpga/src/top_simplified.v:8]
CRITICAL WARNING: [Synth 8-6858] multi-driven net /home/testpc/fpga_asist_dev/validation_test/si5351_ad9238_hdmi_project/fpga/src/top_simplified.v-8.0 is connected to at least one constant driver which has been preserved, other driver is ignored [/home/testpc/fpga_asist_dev/validation_test/si5351_ad9238_hdmi_project/fpga/src/top_simplified.v:8]
WARNING: [Synth 8-3917] design si5351_ad9238_hdmi_top_test has port hdmi_oen driven by constant 1
WARNING: [Synth 8-7129] Port ad9238_data[9] in module si5351_ad9238_hdmi_top_test is either unconnected or has no load
WARNING: [Synth 8-7129] Port ad9238_data[8] in module si5351_ad9238_hdmi_top_test is either unconnected or has no load
WARNING: [Synth 8-7129] Port ad9238_data[7] in module si5351_ad9238_hdmi_top_test is either unconnected or has no load
WARNING: [Synth 8-7129] Port ad9238_data[6] in module si5351_ad9238_hdmi_top_test is either unconnected or has no load
WARNING: [Synth 8-7129] Port ad9238_data[5] in module si5351_ad9238_hdmi_top_test is either unconnected or has no load
WARNING: [Synth 8-7129] Port ad9238_data[4] in module si5351_ad9238_hdmi_top_test is either unconnected or has no load
WARNING: [Synth 8-7129] Port ad9238_data[3] in module si5351_ad9238_hdmi_top_test is either unconnected or has no load
WARNING: [Synth 8-7129] Port ad9238_data[2] in module si5351_ad9238_hdmi_top_test is either unconnected or has no load
WARNING: [Synth 8-7129] Port ad9238_data[1] in module si5351_ad9238_hdmi_top_test is either unconnected or has no load
WARNING: [Synth 8-7129] Port ad9238_data[0] in module si5351_ad9238_hdmi_top_test is either unconnected or has no load
---------------------------------------------------------------------------------
Finished RTL Elaboration : Time (s): cpu = 00:00:02 ; elapsed = 00:00:03 . Memory (MB): peak = 2317.777 ; gain = 514.711 ; free physical = 1816 ; free virtual = 12160
---------------------------------------------------------------------------------
---------------------------------------------------------------------------------
Start Handling Custom Attributes
---------------------------------------------------------------------------------
---------------------------------------------------------------------------------
Finished Handling Custom Attributes : Time (s): cpu = 00:00:02 ; elapsed = 00:00:03 . Memory (MB): peak = 2332.621 ; gain = 529.555 ; free physical = 1816 ; free virtual = 12159
---------------------------------------------------------------------------------
---------------------------------------------------------------------------------
Finished RTL Optimization Phase 1 : Time (s): cpu = 00:00:02 ; elapsed = 00:00:03 . Memory (MB): peak = 2332.621 ; gain = 529.555 ; free physical = 1816 ; free virtual = 12159
---------------------------------------------------------------------------------
Netlist sorting complete. Time (s): cpu = 00:00:00 ; elapsed = 00:00:00 . Memory (MB): peak = 2332.621 ; gain = 0.000 ; free physical = 1816 ; free virtual = 12159
INFO: [Project 1-570] Preparing netlist for logic optimization

Processing XDC Constraints
Initializing timing engine
Parsing XDC File [/home/testpc/fpga_asist_dev/validation_test/si5351_ad9238_hdmi_project/fpga/vivado_gui/oscilloscope_test.gen/sources_1/ip/clk_wiz_0/clk_wiz_0/clk_wiz_0_in_context.xdc] for cell 'pll_inst'
Finished Parsing XDC File [/home/testpc/fpga_asist_dev/validation_test/si5351_ad9238_hdmi_project/fpga/vivado_gui/oscilloscope_test.gen/sources_1/ip/clk_wiz_0/clk_wiz_0/clk_wiz_0_in_context.xdc] for cell 'pll_inst'
Parsing XDC File [/home/testpc/fpga_asist_dev/validation_test/si5351_ad9238_hdmi_project/fpga/vivado_gui/oscilloscope_test.gen/sources_1/ip/rgb2dvi_0/rgb2dvi_0/rgb2dvi_0_in_context.xdc] for cell 'hdmi_encoder'
Finished Parsing XDC File [/home/testpc/fpga_asist_dev/validation_test/si5351_ad9238_hdmi_project/fpga/vivado_gui/oscilloscope_test.gen/sources_1/ip/rgb2dvi_0/rgb2dvi_0/rgb2dvi_0_in_context.xdc] for cell 'hdmi_encoder'
Parsing XDC File [/home/testpc/fpga_asist_dev/validation_test/si5351_ad9238_hdmi_project/fpga/constraints/pins.xdc]
WARNING: [Constraints 18-619] A clock with name 'sys_clk' already exists, overwriting the previous clock with the same name. [/home/testpc/fpga_asist_dev/validation_test/si5351_ad9238_hdmi_project/fpga/constraints/pins.xdc:13]
WARNING: [Vivado 12-584] No ports matched 'ad9238_encode'. [/home/testpc/fpga_asist_dev/validation_test/si5351_ad9238_hdmi_project/fpga/constraints/pins.xdc:26]
WARNING: [Vivado 12-584] No ports matched 'ad9238_encode'. [/home/testpc/fpga_asist_dev/validation_test/si5351_ad9238_hdmi_project/fpga/constraints/pins.xdc:27]
CRITICAL WARNING: [Common 17-163] Missing value for option 'objects', please type 'set_property -help' for usage info. [/home/testpc/fpga_asist_dev/validation_test/si5351_ad9238_hdmi_project/fpga/constraints/pins.xdc:64]
CRITICAL WARNING: [Designutils 20-1307] Command '(65' is not supported in the xdc constraint file. [/home/testpc/fpga_asist_dev/validation_test/si5351_ad9238_hdmi_project/fpga/constraints/pins.xdc:73]
WARNING: [Vivado 12-627] No clocks matched 'adc_clk'. [/home/testpc/fpga_asist_dev/validation_test/si5351_ad9238_hdmi_project/fpga/constraints/pins.xdc:98]
INFO: [Vivado 12-626] No clocks found. Please use 'create_clock' or 'create_generated_clock' command to create clocks. [/home/testpc/fpga_asist_dev/validation_test/si5351_ad9238_hdmi_project/fpga/constraints/pins.xdc:98]
WARNING: [Vivado 12-627] No clocks matched 'adc_clk'. [/home/testpc/fpga_asist_dev/validation_test/si5351_ad9238_hdmi_project/fpga/constraints/pins.xdc:101]
INFO: [Vivado 12-626] No clocks found. Please use 'create_clock' or 'create_generated_clock' command to create clocks. [/home/testpc/fpga_asist_dev/validation_test/si5351_ad9238_hdmi_project/fpga/constraints/pins.xdc:101]
WARNING: [Vivado 12-584] No ports matched 'ad9238_encode'. [/home/testpc/fpga_asist_dev/validation_test/si5351_ad9238_hdmi_project/fpga/constraints/pins.xdc:101]
WARNING: [Vivado 12-627] No clocks matched 'adc_clk'. [/home/testpc/fpga_asist_dev/validation_test/si5351_ad9238_hdmi_project/fpga/constraints/pins.xdc:102]
INFO: [Vivado 12-626] No clocks found. Please use 'create_clock' or 'create_generated_clock' command to create clocks. [/home/testpc/fpga_asist_dev/validation_test/si5351_ad9238_hdmi_project/fpga/constraints/pins.xdc:102]
WARNING: [Vivado 12-584] No ports matched 'ad9238_encode'. [/home/testpc/fpga_asist_dev/validation_test/si5351_ad9238_hdmi_project/fpga/constraints/pins.xdc:102]
WARNING: [Vivado 12-4702] SLEW is not a supported property on input port(s). Setting is ignored. [/home/testpc/fpga_asist_dev/validation_test/si5351_ad9238_hdmi_project/fpga/constraints/pins.xdc:109]
WARNING: [Vivado 12-4702] SLEW is not a supported property on input port(s). Setting is ignored. [/home/testpc/fpga_asist_dev/validation_test/si5351_ad9238_hdmi_project/fpga/constraints/pins.xdc:109]
WARNING: [Vivado 12-4702] SLEW is not a supported property on input port(s). Setting is ignored. [/home/testpc/fpga_asist_dev/validation_test/si5351_ad9238_hdmi_project/fpga/constraints/pins.xdc:109]
WARNING: [Vivado 12-4702] SLEW is not a supported property on input port(s). Setting is ignored. [/home/testpc/fpga_asist_dev/validation_test/si5351_ad9238_hdmi_project/fpga/constraints/pins.xdc:109]
WARNING: [Vivado 12-4702] SLEW is not a supported property on input port(s). Setting is ignored. [/home/testpc/fpga_asist_dev/validation_test/si5351_ad9238_hdmi_project/fpga/constraints/pins.xdc:109]
WARNING: [Vivado 12-4702] SLEW is not a supported property on input port(s). Setting is ignored. [/home/testpc/fpga_asist_dev/validation_test/si5351_ad9238_hdmi_project/fpga/constraints/pins.xdc:109]
WARNING: [Vivado 12-4702] SLEW is not a supported property on input port(s). Setting is ignored. [/home/testpc/fpga_asist_dev/validation_test/si5351_ad9238_hdmi_project/fpga/constraints/pins.xdc:109]
WARNING: [Vivado 12-4702] SLEW is not a supported property on input port(s). Setting is ignored. [/home/testpc/fpga_asist_dev/validation_test/si5351_ad9238_hdmi_project/fpga/constraints/pins.xdc:109]
WARNING: [Vivado 12-4702] SLEW is not a supported property on input port(s). Setting is ignored. [/home/testpc/fpga_asist_dev/validation_test/si5351_ad9238_hdmi_project/fpga/constraints/pins.xdc:109]
WARNING: [Vivado 12-4702] SLEW is not a supported property on input port(s). Setting is ignored. [/home/testpc/fpga_asist_dev/validation_test/si5351_ad9238_hdmi_project/fpga/constraints/pins.xdc:109]
WARNING: [Vivado 12-584] No ports matched 'ad9238_encode'. [/home/testpc/fpga_asist_dev/validation_test/si5351_ad9238_hdmi_project/fpga/constraints/pins.xdc:110]
CRITICAL WARNING: [Common 17-69] Command failed: Cannot set DRIVE_STRENGTH for standard 'TMDS_33' that doesn't support DRIVE_STRENGTH [/home/testpc/fpga_asist_dev/validation_test/si5351_ad9238_hdmi_project/fpga/constraints/pins.xdc:113]
CRITICAL WARNING: [Common 17-69] Command failed: Cannot set DRIVE_STRENGTH for standard 'TMDS_33' that doesn't support DRIVE_STRENGTH [/home/testpc/fpga_asist_dev/validation_test/si5351_ad9238_hdmi_project/fpga/constraints/pins.xdc:114]
CRITICAL WARNING: [Common 17-69] Command failed: Cannot set DRIVE_STRENGTH for standard 'TMDS_33' that doesn't support DRIVE_STRENGTH [/home/testpc/fpga_asist_dev/validation_test/si5351_ad9238_hdmi_project/fpga/constraints/pins.xdc:115]
CRITICAL WARNING: [Common 17-69] Command failed: Cannot set DRIVE_STRENGTH for standard 'TMDS_33' that doesn't support DRIVE_STRENGTH [/home/testpc/fpga_asist_dev/validation_test/si5351_ad9238_hdmi_project/fpga/constraints/pins.xdc:116]
CRITICAL WARNING: [Netlist 29-177] Cannot set property 'BITSTREAM.CONFIG.CONFIGRATE' because the property does not exist. [/home/testpc/fpga_asist_dev/validation_test/si5351_ad9238_hdmi_project/fpga/constraints/pins.xdc:123]
Resolution: Create this property using create_property command before setting it.
CRITICAL WARNING: [Designutils 20-1307] Command 'get_runs' is not supported in the xdc constraint file. [/home/testpc/fpga_asist_dev/validation_test/si5351_ad9238_hdmi_project/fpga/constraints/pins.xdc:132]
Finished Parsing XDC File [/home/testpc/fpga_asist_dev/validation_test/si5351_ad9238_hdmi_project/fpga/constraints/pins.xdc]
WARNING: [Project 1-498] One or more constraints failed evaluation while reading constraint file [/home/testpc/fpga_asist_dev/validation_test/si5351_ad9238_hdmi_project/fpga/constraints/pins.xdc] and the design contains unresolved black boxes. These constraints will be read post-synthesis (as long as their source constraint file is marked as used_in_implementation) and should be applied correctly then. You should review the constraints listed in the file [.Xil/si5351_ad9238_hdmi_top_test_propImpl.xdc] and check the run log file to verify that these constraints were correctly applied.
INFO: [Project 1-236] Implementation specific constraints were found while reading constraint file [/home/testpc/fpga_asist_dev/validation_test/si5351_ad9238_hdmi_project/fpga/constraints/pins.xdc]. These constraints will be ignored for synthesis but will be used in implementation. Impacted constraints are listed in the file [.Xil/si5351_ad9238_hdmi_top_test_propImpl.xdc].
Resolution: To avoid this warning, move constraints listed in [.Xil/si5351_ad9238_hdmi_top_test_propImpl.xdc] to another XDC file and exclude this new file from synthesis with the used_in_synthesis property (File Properties dialog in GUI) and re-run elaboration/synthesis.
Parsing XDC File [/home/testpc/fpga_asist_dev/validation_test/si5351_ad9238_hdmi_project/fpga/vivado_gui/oscilloscope_test.runs/synth_1/dont_touch.xdc]
Finished Parsing XDC File [/home/testpc/fpga_asist_dev/validation_test/si5351_ad9238_hdmi_project/fpga/vivado_gui/oscilloscope_test.runs/synth_1/dont_touch.xdc]
Completed Processing XDC Constraints

Netlist sorting complete. Time (s): cpu = 00:00:00 ; elapsed = 00:00:00 . Memory (MB): peak = 2452.359 ; gain = 0.000 ; free physical = 1821 ; free virtual = 12164
INFO: [Project 1-111] Unisim Transformation Summary:
No Unisim elements were transformed.

Constraint Validation Runtime : Time (s): cpu = 00:00:00 ; elapsed = 00:00:00 . Memory (MB): peak = 2452.395 ; gain = 0.000 ; free physical = 1821 ; free virtual = 12164
---------------------------------------------------------------------------------
Finished Constraint Validation : Time (s): cpu = 00:00:05 ; elapsed = 00:00:06 . Memory (MB): peak = 2452.395 ; gain = 649.328 ; free physical = 1849 ; free virtual = 12193
---------------------------------------------------------------------------------
---------------------------------------------------------------------------------
Start Loading Part and Timing Information
---------------------------------------------------------------------------------
Loading part: xc7z010clg400-1
---------------------------------------------------------------------------------
Finished Loading Part and Timing Information : Time (s): cpu = 00:00:05 ; elapsed = 00:00:06 . Memory (MB): peak = 2460.363 ; gain = 657.297 ; free physical = 1849 ; free virtual = 12193
---------------------------------------------------------------------------------
---------------------------------------------------------------------------------
Start Applying 'set_property' XDC Constraints
---------------------------------------------------------------------------------
---------------------------------------------------------------------------------
Finished applying 'set_property' XDC Constraints : Time (s): cpu = 00:00:05 ; elapsed = 00:00:06 . Memory (MB): peak = 2460.363 ; gain = 657.297 ; free physical = 1848 ; free virtual = 12192
---------------------------------------------------------------------------------
---------------------------------------------------------------------------------
Finished RTL Optimization Phase 2 : Time (s): cpu = 00:00:06 ; elapsed = 00:00:06 . Memory (MB): peak = 2460.363 ; gain = 657.297 ; free physical = 1847 ; free virtual = 12192
---------------------------------------------------------------------------------
---------------------------------------------------------------------------------
Start RTL Component Statistics 
---------------------------------------------------------------------------------
Detailed RTL Component Info : 
+---Adders : 
	   2 Input   32 Bit       Adders := 1     
	   2 Input   12 Bit       Adders := 2     
	   2 Input   11 Bit       Adders := 2     
	   2 Input   10 Bit       Adders := 1     
	   2 Input    9 Bit       Adders := 1     
+---Registers : 
	               24 Bit    Registers := 1     
	               16 Bit    Registers := 1     
	               12 Bit    Registers := 1     
	               11 Bit    Registers := 3     
	               10 Bit    Registers := 4     
	                1 Bit    Registers := 2     
+---RAMs : 
	              10K Bit	(1024 X 10 bit)          RAMs := 1     
+---Muxes : 
	   4 Input   23 Bit        Muxes := 1     
	   2 Input   11 Bit        Muxes := 2     
	   2 Input    9 Bit        Muxes := 1     
---------------------------------------------------------------------------------
Finished RTL Component Statistics 
---------------------------------------------------------------------------------
---------------------------------------------------------------------------------
Start Part Resource Summary
---------------------------------------------------------------------------------
Part Resources:
DSPs: 80 (col length:40)
BRAMs: 120 (col length: RAMB18 40 RAMB36 20)
---------------------------------------------------------------------------------
Finished Part Resource Summary
---------------------------------------------------------------------------------
---------------------------------------------------------------------------------
Start Cross Boundary and Area Optimization
---------------------------------------------------------------------------------
WARNING: [Synth 8-7080] Parallel synthesis criteria is not met
DSP Report: Generating DSP display_inst/sample_y1, operation Mode is: A*(B:0x2d0).
DSP Report: operator display_inst/sample_y1 is absorbed into DSP display_inst/sample_y1.
WARNING: [Synth 8-3917] design si5351_ad9238_hdmi_top_test has port hdmi_oen driven by constant 1
WARNING: [Synth 8-7129] Port ad9238_data[9] in module si5351_ad9238_hdmi_top_test is either unconnected or has no load
WARNING: [Synth 8-7129] Port ad9238_data[8] in module si5351_ad9238_hdmi_top_test is either unconnected or has no load
WARNING: [Synth 8-7129] Port ad9238_data[7] in module si5351_ad9238_hdmi_top_test is either unconnected or has no load
WARNING: [Synth 8-7129] Port ad9238_data[6] in module si5351_ad9238_hdmi_top_test is either unconnected or has no load
WARNING: [Synth 8-7129] Port ad9238_data[5] in module si5351_ad9238_hdmi_top_test is either unconnected or has no load
WARNING: [Synth 8-7129] Port ad9238_data[4] in module si5351_ad9238_hdmi_top_test is either unconnected or has no load
WARNING: [Synth 8-7129] Port ad9238_data[3] in module si5351_ad9238_hdmi_top_test is either unconnected or has no load
WARNING: [Synth 8-7129] Port ad9238_data[2] in module si5351_ad9238_hdmi_top_test is either unconnected or has no load
WARNING: [Synth 8-7129] Port ad9238_data[1] in module si5351_ad9238_hdmi_top_test is either unconnected or has no load
WARNING: [Synth 8-7129] Port ad9238_data[0] in module si5351_ad9238_hdmi_top_test is either unconnected or has no load
---------------------------------------------------------------------------------
Finished Cross Boundary and Area Optimization : Time (s): cpu = 00:00:07 ; elapsed = 00:00:07 . Memory (MB): peak = 2460.363 ; gain = 657.297 ; free physical = 1844 ; free virtual = 12196
---------------------------------------------------------------------------------
 Sort Area is  display_inst/sample_y1_0 : 0 0 : 160 160 : Used 1 time 0
---------------------------------------------------------------------------------
Start ROM, RAM, DSP, Shift Register and Retiming Reporting
---------------------------------------------------------------------------------

Block RAM: Preliminary Mapping Report (see note below)
+----------------------------+-------------------+------------------------+---+---+------------------------+---+---+------------------+--------+--------+
|Module Name                 | RTL Object        | PORT A (Depth x Width) | W | R | PORT B (Depth x Width) | W | R | Ports driving FF | RAMB18 | RAMB36 | 
+----------------------------+-------------------+------------------------+---+---+------------------------+---+---+------------------+--------+--------+
|si5351_ad9238_hdmi_top_test | sample_buffer_reg | 1 K x 10(NO_CHANGE)    | W |   | 1 K x 10(WRITE_FIRST)  |   | R | Port A and B     | 1      | 0      | 
+----------------------------+-------------------+------------------------+---+---+------------------------+---+---+------------------+--------+--------+

Note: The table above is a preliminary report that shows the Block RAMs at the current stage of the synthesis flow. Some Block RAMs may be reimplemented as non Block RAM primitives later in the synthesis flow. Multiple instantiated Block RAMs are reported only once. 

DSP: Preliminary Mapping Report (see note below. The ' indicates corresponding REG is set)
+-----------------+-------------+--------+--------+--------+--------+--------+------+------+------+------+-------+------+------+
|Module Name      | DSP Mapping | A Size | B Size | C Size | D Size | P Size | AREG | BREG | CREG | DREG | ADREG | MREG | PREG | 
+-----------------+-------------+--------+--------+--------+--------+--------+------+------+------+------+-------+------+------+
|waveform_display | A*(B:0x2d0) | 10     | 10     | -      | -      | 20     | 0    | 0    | -    | -    | -     | 0    | 0    | 
+-----------------+-------------+--------+--------+--------+--------+--------+------+------+------+------+-------+------+------+

Note: The table above is a preliminary report that shows the DSPs inferred at the current stage of the synthesis flow. Some DSP may be reimplemented as non DSP primitives later in the synthesis flow. Multiple instantiated DSPs are reported only once.
---------------------------------------------------------------------------------
Finished ROM, RAM, DSP, Shift Register and Retiming Reporting
---------------------------------------------------------------------------------
---------------------------------------------------------------------------------
Start Applying XDC Timing Constraints
---------------------------------------------------------------------------------
WARNING: [Synth 8-565] redefining clock 'sys_clk'
---------------------------------------------------------------------------------
Finished Applying XDC Timing Constraints : Time (s): cpu = 00:00:09 ; elapsed = 00:00:10 . Memory (MB): peak = 2550.363 ; gain = 747.297 ; free physical = 1780 ; free virtual = 12131
---------------------------------------------------------------------------------
---------------------------------------------------------------------------------
Start Timing Optimization
---------------------------------------------------------------------------------
---------------------------------------------------------------------------------
Finished Timing Optimization : Time (s): cpu = 00:00:10 ; elapsed = 00:00:10 . Memory (MB): peak = 2584.410 ; gain = 781.344 ; free physical = 1749 ; free virtual = 12100
---------------------------------------------------------------------------------
---------------------------------------------------------------------------------
Start ROM, RAM, DSP, Shift Register and Retiming Reporting
---------------------------------------------------------------------------------

Block RAM: Final Mapping Report
+----------------------------+-------------------+------------------------+---+---+------------------------+---+---+------------------+--------+--------+
|Module Name                 | RTL Object        | PORT A (Depth x Width) | W | R | PORT B (Depth x Width) | W | R | Ports driving FF | RAMB18 | RAMB36 | 
+----------------------------+-------------------+------------------------+---+---+------------------------+---+---+------------------+--------+--------+
|si5351_ad9238_hdmi_top_test | sample_buffer_reg | 1 K x 10(NO_CHANGE)    | W |   | 1 K x 10(WRITE_FIRST)  |   | R | Port A and B     | 1      | 0      | 
+----------------------------+-------------------+------------------------+---+---+------------------------+---+---+------------------+--------+--------+

---------------------------------------------------------------------------------
Finished ROM, RAM, DSP, Shift Register and Retiming Reporting
---------------------------------------------------------------------------------
---------------------------------------------------------------------------------
Start Technology Mapping
---------------------------------------------------------------------------------
INFO: [Synth 8-7052] The timing for the instance sample_buffer_reg (implemented as a Block RAM) might be sub-optimal as no optional output register could be merged into the ram block. Providing additional output register may help in improving timing.
---------------------------------------------------------------------------------
Finished Technology Mapping : Time (s): cpu = 00:00:10 ; elapsed = 00:00:10 . Memory (MB): peak = 2584.410 ; gain = 781.344 ; free physical = 1749 ; free virtual = 12100
---------------------------------------------------------------------------------
---------------------------------------------------------------------------------
Start IO Insertion
---------------------------------------------------------------------------------
---------------------------------------------------------------------------------
Start Flattening Before IO Insertion
---------------------------------------------------------------------------------
---------------------------------------------------------------------------------
Finished Flattening Before IO Insertion
---------------------------------------------------------------------------------
---------------------------------------------------------------------------------
Start Final Netlist Cleanup
---------------------------------------------------------------------------------
---------------------------------------------------------------------------------
Finished Final Netlist Cleanup
---------------------------------------------------------------------------------
---------------------------------------------------------------------------------
Finished IO Insertion : Time (s): cpu = 00:00:11 ; elapsed = 00:00:11 . Memory (MB): peak = 2740.223 ; gain = 937.156 ; free physical = 1633 ; free virtual = 11984
---------------------------------------------------------------------------------
---------------------------------------------------------------------------------
Start Renaming Generated Instances
---------------------------------------------------------------------------------
---------------------------------------------------------------------------------
Finished Renaming Generated Instances : Time (s): cpu = 00:00:11 ; elapsed = 00:00:11 . Memory (MB): peak = 2740.223 ; gain = 937.156 ; free physical = 1633 ; free virtual = 11984
---------------------------------------------------------------------------------
---------------------------------------------------------------------------------
Start Rebuilding User Hierarchy
---------------------------------------------------------------------------------
---------------------------------------------------------------------------------
Finished Rebuilding User Hierarchy : Time (s): cpu = 00:00:11 ; elapsed = 00:00:11 . Memory (MB): peak = 2740.223 ; gain = 937.156 ; free physical = 1633 ; free virtual = 11984
---------------------------------------------------------------------------------
---------------------------------------------------------------------------------
Start Renaming Generated Ports
---------------------------------------------------------------------------------
---------------------------------------------------------------------------------
Finished Renaming Generated Ports : Time (s): cpu = 00:00:11 ; elapsed = 00:00:11 . Memory (MB): peak = 2740.223 ; gain = 937.156 ; free physical = 1633 ; free virtual = 11984
---------------------------------------------------------------------------------
---------------------------------------------------------------------------------
Start Handling Custom Attributes
---------------------------------------------------------------------------------
---------------------------------------------------------------------------------
Finished Handling Custom Attributes : Time (s): cpu = 00:00:11 ; elapsed = 00:00:11 . Memory (MB): peak = 2743.191 ; gain = 940.125 ; free physical = 1633 ; free virtual = 11984
---------------------------------------------------------------------------------
---------------------------------------------------------------------------------
Start Renaming Generated Nets
---------------------------------------------------------------------------------
---------------------------------------------------------------------------------
Finished Renaming Generated Nets : Time (s): cpu = 00:00:11 ; elapsed = 00:00:11 . Memory (MB): peak = 2743.191 ; gain = 940.125 ; free physical = 1633 ; free virtual = 11984
---------------------------------------------------------------------------------
---------------------------------------------------------------------------------
Start Writing Synthesis Report
---------------------------------------------------------------------------------

DSP Final Report (the ' indicates corresponding REG is set)
+-----------------+-------------+--------+--------+--------+--------+--------+------+------+------+------+-------+------+------+
|Module Name      | DSP Mapping | A Size | B Size | C Size | D Size | P Size | AREG | BREG | CREG | DREG | ADREG | MREG | PREG | 
+-----------------+-------------+--------+--------+--------+--------+--------+------+------+------+------+-------+------+------+
|waveform_display | A*B         | 10     | 10     | -      | -      | 20     | 0    | 0    | -    | -    | -     | 0    | 0    | 
+-----------------+-------------+--------+--------+--------+--------+--------+------+------+------+------+-------+------+------+


Report BlackBoxes: 
+------+--------------+----------+
|      |BlackBox name |Instances |
+------+--------------+----------+
|1     |clk_wiz_0     |         1|
|2     |rgb2dvi_0     |         1|
+------+--------------+----------+

Report Cell Usage: 
+------+---------+------+
|      |Cell     |Count |
+------+---------+------+
|1     |clk_wiz  |     1|
|2     |rgb2dvi  |     1|
|3     |CARRY4   |    25|
|4     |DSP48E1  |     1|
|5     |LUT1     |     8|
|6     |LUT2     |    39|
|7     |LUT3     |    30|
|8     |LUT4     |    42|
|9     |LUT5     |    47|
|10    |LUT6     |    72|
|11    |RAMB18E1 |     1|
|12    |FDCE     |    61|
|13    |FDRE     |    20|
|14    |IBUF     |     1|
|15    |OBUF     |     2|
+------+---------+------+
---------------------------------------------------------------------------------
Finished Writing Synthesis Report : Time (s): cpu = 00:00:11 ; elapsed = 00:00:11 . Memory (MB): peak = 2743.191 ; gain = 940.125 ; free physical = 1633 ; free virtual = 11984
---------------------------------------------------------------------------------
Synthesis finished with 0 errors, 0 critical warnings and 13 warnings.
Synthesis Optimization Runtime : Time (s): cpu = 00:00:10 ; elapsed = 00:00:11 . Memory (MB): peak = 2743.191 ; gain = 820.352 ; free physical = 1633 ; free virtual = 11984
Synthesis Optimization Complete : Time (s): cpu = 00:00:11 ; elapsed = 00:00:11 . Memory (MB): peak = 2743.199 ; gain = 940.125 ; free physical = 1633 ; free virtual = 11984
INFO: [Project 1-571] Translating synthesized netlist
Netlist sorting complete. Time (s): cpu = 00:00:00 ; elapsed = 00:00:00 . Memory (MB): peak = 2743.199 ; gain = 0.000 ; free physical = 1637 ; free virtual = 11988
INFO: [Netlist 29-17] Analyzing 27 Unisim elements for replacement
INFO: [Netlist 29-28] Unisim Transformation completed in 0 CPU seconds
INFO: [Project 1-570] Preparing netlist for logic optimization
INFO: [Opt 31-138] Pushed 0 inverter(s) to 0 load pin(s).
Netlist sorting complete. Time (s): cpu = 00:00:00 ; elapsed = 00:00:00 . Memory (MB): peak = 2799.219 ; gain = 0.000 ; free physical = 1815 ; free virtual = 12166
INFO: [Project 1-111] Unisim Transformation Summary:
No Unisim elements were transformed.

Synth Design complete | Checksum: 74dfa31a
INFO: [Common 17-83] Releasing license: Synthesis
32 Infos, 44 Warnings, 11 Critical Warnings and 0 Errors encountered.
synth_design completed successfully
synth_design: Time (s): cpu = 00:00:15 ; elapsed = 00:00:14 . Memory (MB): peak = 2799.254 ; gain = 1164.602 ; free physical = 1818 ; free virtual = 12169
INFO: [Common 17-2834] synth_design peak Physical Memory [PSS] (MB): overall = 1802.307; main = 1741.545; forked = 206.038
INFO: [Common 17-2834] synth_design peak Virtual Memory [VSS] (MB): overall = 3555.098; main = 2799.223; forked = 970.684
INFO: [runtcl-6] Synthesis results are not added to the cache due to CRITICAL_WARNING
Write ShapeDB Complete: Time (s): cpu = 00:00:00 ; elapsed = 00:00:00 . Memory (MB): peak = 2823.230 ; gain = 0.000 ; free physical = 1818 ; free virtual = 12169
INFO: [Common 17-1381] The checkpoint '/home/testpc/fpga_asist_dev/validation_test/si5351_ad9238_hdmi_project/fpga/vivado_gui/oscilloscope_test.runs/synth_1/si5351_ad9238_hdmi_top_test.dcp' has been generated.
INFO: [Vivado 12-24828] Executing command : report_utilization -file si5351_ad9238_hdmi_top_test_utilization_synth.rpt -pb si5351_ad9238_hdmi_top_test_utilization_synth.pb
INFO: [Common 17-206] Exiting Vivado at Mon Feb 16 15:29:03 2026...
[Mon Feb 16 15:29:09 2026] synth_1 finished
wait_on_runs: Time (s): cpu = 00:00:23 ; elapsed = 00:00:24 . Memory (MB): peak = 1639.688 ; gain = 0.000 ; free physical = 3522 ; free virtual = 13868
# set synth_status [get_property STATUS [get_runs synth_1]]
# set synth_progress [get_property PROGRESS [get_runs synth_1]]
# puts "========================================="
=========================================
# puts "Synthesis Status: $synth_status"
Synthesis Status: synth_design Complete!
# puts "Synthesis Progress: $synth_progress"
Synthesis Progress: 100%
# puts "========================================="
=========================================
# if {$synth_status == "synth_design Complete!"} {
#     puts "✅ SYNTHESIS BAŞARILI!"
#     
#     # Open synthesized design
#     open_run synth_1
#     
#     # Report utilization
#     report_utilization -file vivado_gui/synth_utilization.rpt
#     
#     puts "Utilization raporu: vivado_gui/synth_utilization.rpt"
# } else {
#     puts "❌ SYNTHESIS FAILED!"
#     puts "Log dosyası: vivado_gui/oscilloscope_test.runs/synth_1/runme.log"
# }
✅ SYNTHESIS BAŞARILI!
Design is defaulting to impl run constrset: constrs_1
Design is defaulting to synth run part: xc7z010clg400-1
INFO: [Device 21-403] Loading part xc7z010clg400-1
INFO: [Project 1-5699] Read binary netlist with skipMacroContent - 1
INFO: [Project 1-454] Reading design checkpoint '/home/testpc/fpga_asist_dev/validation_test/si5351_ad9238_hdmi_project/fpga/vivado_gui/oscilloscope_test.gen/sources_1/ip/rgb2dvi_0/rgb2dvi_0.dcp' for cell 'hdmi_encoder'
INFO: [Project 1-454] Reading design checkpoint '/home/testpc/fpga_asist_dev/validation_test/si5351_ad9238_hdmi_project/fpga/vivado_gui/oscilloscope_test.gen/sources_1/ip/clk_wiz_0/clk_wiz_0.dcp' for cell 'pll_inst'
Netlist sorting complete. Time (s): cpu = 00:00:00 ; elapsed = 00:00:00.01 . Memory (MB): peak = 1820.945 ; gain = 0.000 ; free physical = 3622 ; free virtual = 13967
INFO: [Netlist 29-17] Analyzing 32 Unisim elements for replacement
INFO: [Netlist 29-28] Unisim Transformation completed in 0 CPU seconds
INFO: [Project 1-479] Netlist was created with Vivado 2025.1
INFO: [Project 1-570] Preparing netlist for logic optimization
Parsing XDC File [/home/testpc/fpga_asist_dev/validation_test/si5351_ad9238_hdmi_project/fpga/vivado_gui/oscilloscope_test.gen/sources_1/ip/clk_wiz_0/clk_wiz_0_board.xdc] for cell 'pll_inst/inst'
Finished Parsing XDC File [/home/testpc/fpga_asist_dev/validation_test/si5351_ad9238_hdmi_project/fpga/vivado_gui/oscilloscope_test.gen/sources_1/ip/clk_wiz_0/clk_wiz_0_board.xdc] for cell 'pll_inst/inst'
Parsing XDC File [/home/testpc/fpga_asist_dev/validation_test/si5351_ad9238_hdmi_project/fpga/vivado_gui/oscilloscope_test.gen/sources_1/ip/clk_wiz_0/clk_wiz_0.xdc] for cell 'pll_inst/inst'
INFO: [Timing 38-35] Done setting XDC timing constraints. [/home/testpc/fpga_asist_dev/validation_test/si5351_ad9238_hdmi_project/fpga/vivado_gui/oscilloscope_test.gen/sources_1/ip/clk_wiz_0/clk_wiz_0.xdc:54]
INFO: [Timing 38-2] Deriving generated clocks [/home/testpc/fpga_asist_dev/validation_test/si5351_ad9238_hdmi_project/fpga/vivado_gui/oscilloscope_test.gen/sources_1/ip/clk_wiz_0/clk_wiz_0.xdc:54]
Finished Parsing XDC File [/home/testpc/fpga_asist_dev/validation_test/si5351_ad9238_hdmi_project/fpga/vivado_gui/oscilloscope_test.gen/sources_1/ip/clk_wiz_0/clk_wiz_0.xdc] for cell 'pll_inst/inst'
Parsing XDC File [/home/testpc/fpga_asist_dev/validation_test/si5351_ad9238_hdmi_project/fpga/vivado_gui/oscilloscope_test.gen/sources_1/ip/rgb2dvi_0/src/rgb2dvi.xdc] for cell 'hdmi_encoder/U0'
Finished Parsing XDC File [/home/testpc/fpga_asist_dev/validation_test/si5351_ad9238_hdmi_project/fpga/vivado_gui/oscilloscope_test.gen/sources_1/ip/rgb2dvi_0/src/rgb2dvi.xdc] for cell 'hdmi_encoder/U0'
Parsing XDC File [/home/testpc/fpga_asist_dev/validation_test/si5351_ad9238_hdmi_project/fpga/constraints/pins.xdc]
WARNING: [Constraints 18-619] A clock with name 'sys_clk' already exists, overwriting the previous clock with the same name. [/home/testpc/fpga_asist_dev/validation_test/si5351_ad9238_hdmi_project/fpga/constraints/pins.xdc:13]
WARNING: [Vivado 12-584] No ports matched 'ad9238_encode'. [/home/testpc/fpga_asist_dev/validation_test/si5351_ad9238_hdmi_project/fpga/constraints/pins.xdc:26]
CRITICAL WARNING: [Common 17-55] 'set_property' expects at least one object. [/home/testpc/fpga_asist_dev/validation_test/si5351_ad9238_hdmi_project/fpga/constraints/pins.xdc:26]
Resolution: If [get_<value>] was used to populate the object, check to make sure this command returns at least one valid object.
WARNING: [Vivado 12-584] No ports matched 'ad9238_encode'. [/home/testpc/fpga_asist_dev/validation_test/si5351_ad9238_hdmi_project/fpga/constraints/pins.xdc:27]
CRITICAL WARNING: [Common 17-55] 'set_property' expects at least one object. [/home/testpc/fpga_asist_dev/validation_test/si5351_ad9238_hdmi_project/fpga/constraints/pins.xdc:27]
Resolution: If [get_<value>] was used to populate the object, check to make sure this command returns at least one valid object.
CRITICAL WARNING: [Common 17-163] Missing value for option 'objects', please type 'set_property -help' for usage info. [/home/testpc/fpga_asist_dev/validation_test/si5351_ad9238_hdmi_project/fpga/constraints/pins.xdc:64]
CRITICAL WARNING: [Designutils 20-1307] Command '(65' is not supported in the xdc constraint file. [/home/testpc/fpga_asist_dev/validation_test/si5351_ad9238_hdmi_project/fpga/constraints/pins.xdc:73]
WARNING: [Vivado 12-627] No clocks matched 'adc_clk'. [/home/testpc/fpga_asist_dev/validation_test/si5351_ad9238_hdmi_project/fpga/constraints/pins.xdc:98]
INFO: [Vivado 12-626] No clocks found. Please use 'create_clock' or 'create_generated_clock' command to create clocks. [/home/testpc/fpga_asist_dev/validation_test/si5351_ad9238_hdmi_project/fpga/constraints/pins.xdc:98]
CRITICAL WARNING: [Vivado 12-4739] set_input_delay:No valid object(s) found for '-clock [get_clocks adc_clk]'. [/home/testpc/fpga_asist_dev/validation_test/si5351_ad9238_hdmi_project/fpga/constraints/pins.xdc:98]
Resolution: Check if the specified object(s) exists in the current design. If it does, ensure that the correct design hierarchy was specified for the object. If you are working with clocks, make sure create_clock was used to create the clock object before it is referenced.
WARNING: [Vivado 12-627] No clocks matched 'adc_clk'. [/home/testpc/fpga_asist_dev/validation_test/si5351_ad9238_hdmi_project/fpga/constraints/pins.xdc:101]
INFO: [Vivado 12-626] No clocks found. Please use 'create_clock' or 'create_generated_clock' command to create clocks. [/home/testpc/fpga_asist_dev/validation_test/si5351_ad9238_hdmi_project/fpga/constraints/pins.xdc:101]
WARNING: [Vivado 12-584] No ports matched 'ad9238_encode'. [/home/testpc/fpga_asist_dev/validation_test/si5351_ad9238_hdmi_project/fpga/constraints/pins.xdc:101]
CRITICAL WARNING: [Vivado 12-4739] set_output_delay:No valid object(s) found for '-objects [get_ports ad9238_encode]'. [/home/testpc/fpga_asist_dev/validation_test/si5351_ad9238_hdmi_project/fpga/constraints/pins.xdc:101]
Resolution: Check if the specified object(s) exists in the current design. If it does, ensure that the correct design hierarchy was specified for the object. If you are working with clocks, make sure create_clock was used to create the clock object before it is referenced.
WARNING: [Vivado 12-627] No clocks matched 'adc_clk'. [/home/testpc/fpga_asist_dev/validation_test/si5351_ad9238_hdmi_project/fpga/constraints/pins.xdc:102]
INFO: [Vivado 12-626] No clocks found. Please use 'create_clock' or 'create_generated_clock' command to create clocks. [/home/testpc/fpga_asist_dev/validation_test/si5351_ad9238_hdmi_project/fpga/constraints/pins.xdc:102]
WARNING: [Vivado 12-584] No ports matched 'ad9238_encode'. [/home/testpc/fpga_asist_dev/validation_test/si5351_ad9238_hdmi_project/fpga/constraints/pins.xdc:102]
CRITICAL WARNING: [Vivado 12-4739] set_output_delay:No valid object(s) found for '-objects [get_ports ad9238_encode]'. [/home/testpc/fpga_asist_dev/validation_test/si5351_ad9238_hdmi_project/fpga/constraints/pins.xdc:102]
Resolution: Check if the specified object(s) exists in the current design. If it does, ensure that the correct design hierarchy was specified for the object. If you are working with clocks, make sure create_clock was used to create the clock object before it is referenced.
WARNING: [Vivado 12-4702] SLEW is not a supported property on input port(s). Setting is ignored. [/home/testpc/fpga_asist_dev/validation_test/si5351_ad9238_hdmi_project/fpga/constraints/pins.xdc:109]
WARNING: [Vivado 12-4702] SLEW is not a supported property on input port(s). Setting is ignored. [/home/testpc/fpga_asist_dev/validation_test/si5351_ad9238_hdmi_project/fpga/constraints/pins.xdc:109]
WARNING: [Vivado 12-4702] SLEW is not a supported property on input port(s). Setting is ignored. [/home/testpc/fpga_asist_dev/validation_test/si5351_ad9238_hdmi_project/fpga/constraints/pins.xdc:109]
WARNING: [Vivado 12-4702] SLEW is not a supported property on input port(s). Setting is ignored. [/home/testpc/fpga_asist_dev/validation_test/si5351_ad9238_hdmi_project/fpga/constraints/pins.xdc:109]
WARNING: [Vivado 12-4702] SLEW is not a supported property on input port(s). Setting is ignored. [/home/testpc/fpga_asist_dev/validation_test/si5351_ad9238_hdmi_project/fpga/constraints/pins.xdc:109]
WARNING: [Vivado 12-4702] SLEW is not a supported property on input port(s). Setting is ignored. [/home/testpc/fpga_asist_dev/validation_test/si5351_ad9238_hdmi_project/fpga/constraints/pins.xdc:109]
WARNING: [Vivado 12-4702] SLEW is not a supported property on input port(s). Setting is ignored. [/home/testpc/fpga_asist_dev/validation_test/si5351_ad9238_hdmi_project/fpga/constraints/pins.xdc:109]
WARNING: [Vivado 12-4702] SLEW is not a supported property on input port(s). Setting is ignored. [/home/testpc/fpga_asist_dev/validation_test/si5351_ad9238_hdmi_project/fpga/constraints/pins.xdc:109]
WARNING: [Vivado 12-4702] SLEW is not a supported property on input port(s). Setting is ignored. [/home/testpc/fpga_asist_dev/validation_test/si5351_ad9238_hdmi_project/fpga/constraints/pins.xdc:109]
WARNING: [Vivado 12-4702] SLEW is not a supported property on input port(s). Setting is ignored. [/home/testpc/fpga_asist_dev/validation_test/si5351_ad9238_hdmi_project/fpga/constraints/pins.xdc:109]
WARNING: [Vivado 12-584] No ports matched 'ad9238_encode'. [/home/testpc/fpga_asist_dev/validation_test/si5351_ad9238_hdmi_project/fpga/constraints/pins.xdc:110]
CRITICAL WARNING: [Common 17-55] 'set_property' expects at least one object. [/home/testpc/fpga_asist_dev/validation_test/si5351_ad9238_hdmi_project/fpga/constraints/pins.xdc:110]
Resolution: If [get_<value>] was used to populate the object, check to make sure this command returns at least one valid object.
CRITICAL WARNING: [Common 17-69] Command failed: Cannot set DRIVE_STRENGTH for standard 'TMDS_33' that doesn't support DRIVE_STRENGTH [/home/testpc/fpga_asist_dev/validation_test/si5351_ad9238_hdmi_project/fpga/constraints/pins.xdc:113]
CRITICAL WARNING: [Common 17-69] Command failed: Cannot set DRIVE_STRENGTH for standard 'TMDS_33' that doesn't support DRIVE_STRENGTH [/home/testpc/fpga_asist_dev/validation_test/si5351_ad9238_hdmi_project/fpga/constraints/pins.xdc:114]
CRITICAL WARNING: [Common 17-69] Command failed: Cannot set DRIVE_STRENGTH for standard 'TMDS_33' that doesn't support DRIVE_STRENGTH [/home/testpc/fpga_asist_dev/validation_test/si5351_ad9238_hdmi_project/fpga/constraints/pins.xdc:115]
CRITICAL WARNING: [Common 17-69] Command failed: Cannot set DRIVE_STRENGTH for standard 'TMDS_33' that doesn't support DRIVE_STRENGTH [/home/testpc/fpga_asist_dev/validation_test/si5351_ad9238_hdmi_project/fpga/constraints/pins.xdc:116]
CRITICAL WARNING: [Netlist 29-177] Cannot set property 'BITSTREAM.CONFIG.CONFIGRATE' because the property does not exist. [/home/testpc/fpga_asist_dev/validation_test/si5351_ad9238_hdmi_project/fpga/constraints/pins.xdc:123]
Resolution: Create this property using create_property command before setting it.
CRITICAL WARNING: [Designutils 20-1307] Command 'get_runs' is not supported in the xdc constraint file. [/home/testpc/fpga_asist_dev/validation_test/si5351_ad9238_hdmi_project/fpga/constraints/pins.xdc:132]
Finished Parsing XDC File [/home/testpc/fpga_asist_dev/validation_test/si5351_ad9238_hdmi_project/fpga/constraints/pins.xdc]
Parsing XDC File [/home/testpc/fpga_asist_dev/validation_test/si5351_ad9238_hdmi_project/fpga/vivado_gui/oscilloscope_test.gen/sources_1/ip/rgb2dvi_0/src/rgb2dvi_clocks.xdc] for cell 'hdmi_encoder/U0'
Finished Parsing XDC File [/home/testpc/fpga_asist_dev/validation_test/si5351_ad9238_hdmi_project/fpga/vivado_gui/oscilloscope_test.gen/sources_1/ip/rgb2dvi_0/src/rgb2dvi_clocks.xdc] for cell 'hdmi_encoder/U0'
INFO: [Opt 31-138] Pushed 0 inverter(s) to 0 load pin(s).
Netlist sorting complete. Time (s): cpu = 00:00:00 ; elapsed = 00:00:00 . Memory (MB): peak = 2451.410 ; gain = 0.000 ; free physical = 3090 ; free virtual = 13436
INFO: [Project 1-111] Unisim Transformation Summary:
No Unisim elements were transformed.

Utilization raporu: vivado_gui/synth_utilization.rpt
INFO: [Common 17-206] Exiting Vivado at Mon Feb 16 15:29:14 2026...
