#-----------------------------------------------------------
# Vivado v2025.1 (64-bit)
# SW Build 6140274 on Thu May 22 00:12:29 MDT 2025
# IP Build 6138677 on Thu May 22 03:10:11 MDT 2025
# SharedData Build 6139179 on Tue May 20 17:58:58 MDT 2025
# Start of session at: Tue Feb 17 14:41:47 2026
# Process ID         : 20752
# Current directory  : C:/Users/melsa
# Command line       : vivado.exe -mode batch -source C:/Users/melsa/OneDrive/Desktop/fpga_asist_dev-master (1)/fpga_asist_dev-master/docs/si5351_ad9238_hdmi_project/fpga/build_project.tcl -log C:/Users/melsa/OneDrive/Desktop/fpga_asist_dev-master (1)/fpga_asist_dev-master/docs/si5351_ad9238_hdmi_project/fpga/vivado_build.log -journal C:/Users/melsa/OneDrive/Desktop/fpga_asist_dev-master (1)/fpga_asist_dev-master/docs/si5351_ad9238_hdmi_project/fpga/vivado_build.jou
# Log file           : C:/Users/melsa/OneDrive/Desktop/fpga_asist_dev-master (1)/fpga_asist_dev-master/docs/si5351_ad9238_hdmi_project/fpga/vivado_build.log
# Journal file       : C:/Users/melsa/OneDrive/Desktop/fpga_asist_dev-master (1)/fpga_asist_dev-master/docs/si5351_ad9238_hdmi_project/fpga/vivado_build.jou
# Running On         : Melsa
# Platform           : Windows Server 2016 or Windows 10
# Operating System   : 26100
# Processor Detail   : 11th Gen Intel(R) Core(TM) i7-11800H @ 2.30GHz
# CPU Frequency      : 2304 MHz
# CPU Physical cores : 8
# CPU Logical cores  : 16
# Host memory        : 16908 MB
# Swap memory        : 5905 MB
# Total Virtual      : 22814 MB
# Available Virtual  : 8974 MB
#-----------------------------------------------------------
source {C:/Users/melsa/OneDrive/Desktop/fpga_asist_dev-master (1)/fpga_asist_dev-master/docs/si5351_ad9238_hdmi_project/fpga/build_project.tcl}
# puts "\n====================================================================="

=====================================================================
# puts "SI5351 + AD9238 + HDMI Oscilloscope Build"
SI5351 + AD9238 + HDMI Oscilloscope Build
# puts "Board: Alinx AX7010 (XC7Z010CLG400-1)"
Board: Alinx AX7010 (XC7Z010CLG400-1)
# puts "====================================================================="
=====================================================================
# set script_dir [file dirname [file normalize [info script]]]
# set project_name "oscilloscope_test"
# set project_dir "$script_dir/vivado_build"
# set fpga_part "xc7z010clg400-1"
# set src_dir "$script_dir/src"
# set constr_dir "$script_dir/constraints"
# set ip_repo_path "$script_dir/../../validation_test/ax7010_fpga/18_ad9238_hdmi/auto_create_project/my_ip"
# set ip_repo_path [file normalize $ip_repo_path]
# if {[file exists $project_dir]} {
#     puts "Cleaning previous build..."
#     file delete -force $project_dir
# }
# puts "\n\[1/7\] Creating Vivado project..."

[1/7] Creating Vivado project...
# create_project $project_name $project_dir -part $fpga_part -force
ERROR: [ProjectBase 2-104] Project name 'C:/Users/melsa/OneDrive/Desktop/fpga_asist_dev-master (1)/fpga_asist_dev-master/docs/si5351_ad9238_hdmi_project/fpga/vivado_build/oscilloscope_test.xpr' is illegal. Invalid character ( found.
INFO: [Common 17-206] Exiting Vivado at Tue Feb 17 14:41:59 2026...
