#-----------------------------------------------------------
# Vivado v2025.1 (64-bit)
# SW Build 6140274 on Wed May 21 22:58:25 MDT 2025
# IP Build 6138677 on Thu May 22 03:10:11 MDT 2025
# SharedData Build 6139179 on Tue May 20 17:58:58 MDT 2025
# Start of session at: Mon Feb 16 16:30:17 2026
# Process ID         : 2831487
# Current directory  : /home/testpc/fpga_asist_dev/validation_test/si5351_ad9238_hdmi_project/fpga
# Command line       : vivado -mode batch -source program_fpga.tcl
# Log file           : /home/testpc/fpga_asist_dev/validation_test/si5351_ad9238_hdmi_project/fpga/vivado.log
# Journal file       : /home/testpc/fpga_asist_dev/validation_test/si5351_ad9238_hdmi_project/fpga/vivado.jou
# Running On         : testpc-MS-7D98
# Platform           : Ubuntu
# Operating System   : Ubuntu 22.04.5 LTS
# Processor Detail   : Intel(R) Core(TM) i7-14700K
# CPU Frequency      : 799.832 MHz
# CPU Physical cores : 20
# CPU Logical cores  : 28
# Host memory        : 33413 MB
# Swap memory        : 2147 MB
# Total Virtual      : 35560 MB
# Available Virtual  : 21320 MB
#-----------------------------------------------------------
source program_fpga.tcl
# puts "========================================="
=========================================
# puts "Connecting to FPGA..."
Connecting to FPGA...
# puts "========================================="
=========================================
# open_hw_manager
# connect_hw_server -allow_non_jtag
INFO: [Labtools 27-2285] Connecting to hw_server url TCP:localhost:3121
INFO: [Labtools 27-3415] Connecting to cs_server url TCP:localhost:0
INFO: [Labtools 27-3417] Launching cs_server...
INFO: [Labtools 27-2221] Launch Output:


******** Xilinx cs_server v2025.1.0
  ****** Build date   : May 13 2025-22:15:27
    **** Build number : 2025.1.1747163727
      ** Copyright 2017-2022 Xilinx, Inc. All Rights Reserved.
      ** Copyright 2022-2026 Advanced Micro Devices, Inc. All Rights Reserved.



# open_hw_target
INFO: [Labtoolstcl 44-466] Opening hw_target localhost:3121/xilinx_tcf/Digilent/210512180081
# set all_devices [get_hw_devices]
# puts "\nAvailable devices: $all_devices"

Available devices: arm_dap_0 xc7z010_1
# set hw_device [lindex [get_hw_devices xc7z*] 0]
# current_hw_device $hw_device
# refresh_hw_device -update_hw_probes false $hw_device
INFO: [Labtools 27-1434] Device xc7z010 (JTAG device index = 1) is programmed with a design that has no supported debug core(s) in it.
# puts "\n✅ FPGA Connected: $hw_device"

✅ FPGA Connected: xc7z010_1
# set bitfile "vivado_gui/oscilloscope_test.runs/impl_1/si5351_ad9238_hdmi_top_test.bit"
# set_property PROGRAM.FILE $bitfile $hw_device
# puts "\nProgramming bitstream: $bitfile"

Programming bitstream: vivado_gui/oscilloscope_test.runs/impl_1/si5351_ad9238_hdmi_top_test.bit
# program_hw_devices $hw_device
INFO: [Labtools 27-3164] End of startup status: HIGH
# refresh_hw_device $hw_device
INFO: [Labtools 27-1434] Device xc7z010 (JTAG device index = 1) is programmed with a design that has no supported debug core(s) in it.
# puts "\n========================================="

=========================================
# puts "✅ FPGA PROGRAMMED SUCCESSFULLY!"
✅ FPGA PROGRAMMED SUCCESSFULLY!
# puts "========================================="
=========================================
# puts "\nExpected HDMI Output:"

Expected HDMI Output:
# puts "  - 720p @ 60Hz display"
  - 720p @ 60Hz display
# puts "  - Green 100kHz square wave"
  - Green 100kHz square wave
# puts "  - Gray grid (128px spacing)"
  - Gray grid (128px spacing)
# puts "  - Dark blue background"
  - Dark blue background
# puts "========================================="
=========================================
# close_hw_manager
INFO: [Common 17-206] Exiting Vivado at Mon Feb 16 16:30:22 2026...
